/home/rubbernecker/coderepo/ifuzzer_s/tests/tests/structured-clone/Set.js
/home/rubbernecker/coderepo/ifuzzer_s/tests/tests/structured-clone/Map.js
/home/rubbernecker/coderepo/ifuzzer_s/tests/tests/SIMD/convert.js
/home/rubbernecker/coderepo/ifuzzer_s/tests/tests/arrow-functions/strict-3.js
/home/rubbernecker/coderepo/ifuzzer_s/tests/tests/arrow-functions/typeof.js
/home/rubbernecker/coderepo/ifuzzer_s/tests/tests/arrow-functions/params-rest-2.js
/home/rubbernecker/coderepo/ifuzzer_s/tests/tests/arrow-functions/return-2.js
/home/rubbernecker/coderepo/ifuzzer_s/tests/tests/arrow-functions/block-2.js
/home/rubbernecker/coderepo/ifuzzer_s/tests/tests/arrow-functions/return-3.js
/home/rubbernecker/coderepo/ifuzzer_s/tests/tests/arrow-functions/construct-1.js
/home/rubbernecker/coderepo/ifuzzer_s/tests/tests/arrow-functions/params-default-2.js
/home/rubbernecker/coderepo/ifuzzer_s/tests/tests/arrow-functions/strict-1.js
/home/rubbernecker/coderepo/ifuzzer_s/tests/tests/arrow-functions/return-1.js
/home/rubbernecker/coderepo/ifuzzer_s/tests/tests/generators/yield-in-finally.js
/home/rubbernecker/coderepo/ifuzzer_s/tests/tests/proxy/testDirectProxySetArray1.js
/home/rubbernecker/coderepo/ifuzzer_s/tests/tests/proxy/testDirectProxySetNested.js
/home/rubbernecker/coderepo/ifuzzer_s/tests/tests/proxy/testDirectProxySetNested2.js
/home/rubbernecker/coderepo/ifuzzer_s/tests/tests/proxy/testDirectProxySet9.js
/home/rubbernecker/coderepo/ifuzzer_s/tests/tests/proxy/testDirectProxyGetInherited3.js
/home/rubbernecker/coderepo/ifuzzer_s/tests/tests/proxy/target-becomes-nonextensible-during-preventExtensions.js
/home/rubbernecker/coderepo/ifuzzer_s/tests/tests/proxy/testDirectProxyGetOwnPropertyDescriptor11.js
/home/rubbernecker/coderepo/ifuzzer_s/tests/tests/proxy/seal-proxy.js
/home/rubbernecker/coderepo/ifuzzer_s/tests/tests/proxy/testDirectProxyDefinePropertyFailure.js
/home/rubbernecker/coderepo/ifuzzer_s/tests/tests/proxy/testDirectProxySet10.js
/home/rubbernecker/coderepo/ifuzzer_s/tests/tests/proxy/testWrapperGetInherited.js
/home/rubbernecker/coderepo/ifuzzer_s/tests/tests/proxy/testDirectProxyDefineProperty7.js
/home/rubbernecker/coderepo/ifuzzer_s/tests/tests/proxy/testDirectProxyGetInherited1.js
/home/rubbernecker/coderepo/ifuzzer_s/tests/tests/proxy/bug901979-2.js
/home/rubbernecker/coderepo/ifuzzer_s/tests/tests/proxy/testTestIntegrityLevel.js
/home/rubbernecker/coderepo/ifuzzer_s/tests/tests/proxy/testDirectProxySet8.js
/home/rubbernecker/coderepo/ifuzzer_s/tests/tests/proxy/testDirectProxyDefineProperty6.js
/home/rubbernecker/coderepo/ifuzzer_s/tests/tests/proxy/testDirectProxySetFailure.js
/home/rubbernecker/coderepo/ifuzzer_s/tests/tests/proxy/testDirectProxySetArray4.js
/home/rubbernecker/coderepo/ifuzzer_s/tests/tests/proxy/testDirectProxySetArray3.js
/home/rubbernecker/coderepo/ifuzzer_s/tests/tests/proxy/testDirectProxyOnProtoWithForIn.js
/home/rubbernecker/coderepo/ifuzzer_s/tests/tests/proxy/testDirectProxySet7.js
/home/rubbernecker/coderepo/ifuzzer_s/tests/tests/proxy/freeze-proxy.js
/home/rubbernecker/coderepo/ifuzzer_s/tests/tests/proxy/testDirectProxySetReceiverLookup.js
/home/rubbernecker/coderepo/ifuzzer_s/tests/tests/proxy/testDirectProxyOwnKeysSymbol.js
/home/rubbernecker/coderepo/ifuzzer_s/tests/tests/proxy/testDirectProxySetInherited.js
/home/rubbernecker/coderepo/ifuzzer_s/tests/tests/proxy/testIndirectProxyGetOwnPropertyDescriptor.js
/home/rubbernecker/coderepo/ifuzzer_s/tests/tests/proxy/testIndirectProxySet.js
/home/rubbernecker/coderepo/ifuzzer_s/tests/tests/proxy/bug-862848-1.js
/home/rubbernecker/coderepo/ifuzzer_s/tests/tests/ion/object-create-with-primitive-second-arg-in-ion.js
/home/rubbernecker/coderepo/ifuzzer_s/tests/tests/ion/bug977966.js
/home/rubbernecker/coderepo/ifuzzer_s/tests/tests/ion/scripted-getter-setter.js
/home/rubbernecker/coderepo/ifuzzer_s/tests/tests/ion/nursery-getter-setter2.js
/home/rubbernecker/coderepo/ifuzzer_s/tests/tests/arrays/pop-nonarray-nonwritable-length.js
/home/rubbernecker/coderepo/ifuzzer_s/tests/tests/parser/home-object-getter.js
/home/rubbernecker/coderepo/ifuzzer_s/tests/tests/parser/bug-896126.js
/home/rubbernecker/coderepo/ifuzzer_s/tests/tests/latin1/replace.js
/home/rubbernecker/coderepo/ifuzzer_s/tests/tests/basic/testInterpreterReentry4.js
/home/rubbernecker/coderepo/ifuzzer_s/tests/tests/basic/testScriptGetter_JSOP_GETTHISPROP.js
/home/rubbernecker/coderepo/ifuzzer_s/tests/tests/basic/destructuring-iterator.js
/home/rubbernecker/coderepo/ifuzzer_s/tests/tests/basic/bug883523.js
/home/rubbernecker/coderepo/ifuzzer_s/tests/tests/basic/spread-call-this-strict.js
/home/rubbernecker/coderepo/ifuzzer_s/tests/tests/basic/testBug607659.js
/home/rubbernecker/coderepo/ifuzzer_s/tests/tests/basic/destructuring-default.js
/home/rubbernecker/coderepo/ifuzzer_s/tests/tests/basic/html-extensions.js
/home/rubbernecker/coderepo/ifuzzer_s/tests/tests/basic/testInterpreterReentry6.js
/home/rubbernecker/coderepo/ifuzzer_s/tests/tests/basic/testSetGetterOnlyProperty.js
/home/rubbernecker/coderepo/ifuzzer_s/tests/tests/basic/function-tosource-getset.js
/home/rubbernecker/coderepo/ifuzzer_s/tests/tests/basic/bug1106982.js
/home/rubbernecker/coderepo/ifuzzer_s/tests/tests/basic/spread-call-this.js
/home/rubbernecker/coderepo/ifuzzer_s/tests/tests/basic/testScriptGetter_JSOP_GETARGPROP.js
/home/rubbernecker/coderepo/ifuzzer_s/tests/tests/basic/testScriptGetter_JSOP_GETLOCALPROP.js
/home/rubbernecker/coderepo/ifuzzer_s/tests/tests/basic/error-stack-accessors.js
/home/rubbernecker/coderepo/ifuzzer_s/tests/tests/basic/destructuring-rest.js
/home/rubbernecker/coderepo/ifuzzer_s/tests/tests/basic/tagTempl.js
/home/rubbernecker/coderepo/ifuzzer_s/tests/tests/basic/destructuring-rest-identifiers.js
/home/rubbernecker/coderepo/ifuzzer_s/tests/tests/basic/function-gname.js
/home/rubbernecker/coderepo/ifuzzer_s/tests/tests/basic/bug547911-2.js
/home/rubbernecker/coderepo/ifuzzer_s/tests/tests/basic/testScriptGetter_JSOP_CALLPROP-2.js
/home/rubbernecker/coderepo/ifuzzer_s/tests/tests/basic/bug1106982-2.js
/home/rubbernecker/coderepo/ifuzzer_s/tests/tests/basic/object-lookup-shadowing.js
/home/rubbernecker/coderepo/ifuzzer_s/tests/tests/basic/testAssignmentThatIgnoresSetterRetval.js
/home/rubbernecker/coderepo/ifuzzer_s/tests/tests/basic/statement-after-return.js
/home/rubbernecker/coderepo/ifuzzer_s/tests/tests/basic/testBug961969.js
/home/rubbernecker/coderepo/ifuzzer_s/tests/tests/basic/eval-scopes.js
/home/rubbernecker/coderepo/ifuzzer_s/tests/tests/basic/testScriptGetter_JSOP_CALLPROP.js
/home/rubbernecker/coderepo/ifuzzer_s/tests/tests/basic/testScriptGetter_JSOP_GETPROP.js
/home/rubbernecker/coderepo/ifuzzer_s/tests/tests/basic/splice-throwing-length-getter-668024.js
/home/rubbernecker/coderepo/ifuzzer_s/tests/tests/basic/bug1001090-1.js
/home/rubbernecker/coderepo/ifuzzer_s/tests/tests/basic/__proto__-not-prototype-mutation-ion.js
/home/rubbernecker/coderepo/ifuzzer_s/tests/tests/basic/destructuring-requireobjectcoercible.js
/home/rubbernecker/coderepo/ifuzzer_s/tests/tests/collections/WeakMap-constructor-arraylike-exception.js
/home/rubbernecker/coderepo/ifuzzer_s/tests/tests/saved-stacks/async-max-frame-count.js
/home/rubbernecker/coderepo/ifuzzer_s/tests/tests/saved-stacks/get-set.js
/home/rubbernecker/coderepo/ifuzzer_s/tests/tests/saved-stacks/async-principals.js
/home/rubbernecker/coderepo/ifuzzer_s/tests/tests/saved-stacks/getters-on-invalid-objects.js
/home/rubbernecker/coderepo/ifuzzer_s/tests/tests/asm.js/testNeuter.js
/home/rubbernecker/coderepo/ifuzzer_s/tests/tests/asm.js/testBug1125561.js
/home/rubbernecker/coderepo/ifuzzer_s/tests/tests/asm.js/bug1126251.js
/home/rubbernecker/coderepo/ifuzzer_s/tests/tests/profiler/getter-setter-ic.js
/home/rubbernecker/coderepo/ifuzzer_s/tests/tests/profiler/AutoEntryMonitor-01.js
/home/rubbernecker/coderepo/ifuzzer_s/tests/tests/TypedObject/aggregate-set-neutered.js
/home/rubbernecker/coderepo/ifuzzer_s/tests/tests/baseline/getter_setter.js
/home/rubbernecker/coderepo/ifuzzer_s/tests/tests/auto-regress/bug499169.js
/home/rubbernecker/coderepo/ifuzzer_s/tests/tests/auto-regress/bug650574.js
/home/rubbernecker/coderepo/ifuzzer_s/tests/tests/auto-regress/bug785776.js
/home/rubbernecker/coderepo/ifuzzer_s/tests/tests/debug/onNewScript-ExecuteInGlobalAndReturnScope.js
/home/rubbernecker/coderepo/ifuzzer_s/tests/tests/debug/onNewScript-CloneAndExecuteScript.js
/home/rubbernecker/coderepo/ifuzzer_s/tests/tests/debug/Source-text-lazy.js
/home/rubbernecker/coderepo/ifuzzer_s/tests/tests/debug/Debugger-debuggees-29.js
/home/rubbernecker/coderepo/ifuzzer_s/tests/tests/debug/onExceptionUnwind-11.js
/home/rubbernecker/coderepo/ifuzzer_s/tests/tests/debug/Debugger-debuggees-23.js
/home/rubbernecker/coderepo/ifuzzer_s/tests/tests/debug/resumption-error-02.js
/home/rubbernecker/coderepo/ifuzzer_s/tests/tests/debug/Memory-trackingAllocationSites-03.js
/home/rubbernecker/coderepo/ifuzzer_s/tests/tests/debug/Debugger-onNewPromise-07.js
/home/rubbernecker/coderepo/ifuzzer_s/tests/tests/debug/breakpoint-12.js
/home/rubbernecker/coderepo/ifuzzer_s/tests/tests/jaeger/recompile/bug651119.js
/home/rubbernecker/coderepo/ifuzzer_s/tests/tests/ctypes/argument-length-abi.js
/home/rubbernecker/coderepo/ifuzzer_s/tests/tests/ctypes/conversion-error.js
/home/rubbernecker/coderepo/ifuzzer_s/tests/tests/ctypes/argument-length-int64.js
/home/rubbernecker/coderepo/ifuzzer_s/tests/tests/ctypes/argument-type-pointer.js
/home/rubbernecker/coderepo/ifuzzer_s/tests/tests/ctypes/conversion-int64.js
/home/rubbernecker/coderepo/ifuzzer_s/tests/tests/ctypes/argument-type-function.js
/home/rubbernecker/coderepo/ifuzzer_s/tests/tests/ctypes/AddressOfField.js
/home/rubbernecker/coderepo/ifuzzer_s/tests/tests/ctypes/argument-type-ctypes.js
/home/rubbernecker/coderepo/ifuzzer_s/tests/tests/ctypes/argument-length-ctypes.js
/home/rubbernecker/coderepo/ifuzzer_s/tests/tests/ctypes/argument-length-cdata.js
/home/rubbernecker/coderepo/ifuzzer_s/tests/tests/ctypes/argument-length-struct.js
/home/rubbernecker/coderepo/ifuzzer_s/tests/tests/ctypes/conversion-finalizer.js
/home/rubbernecker/coderepo/ifuzzer_s/tests/tests/ctypes/argument-length-array.js
/home/rubbernecker/coderepo/ifuzzer_s/tests/tests/ctypes/argument-type-array.js
/home/rubbernecker/coderepo/ifuzzer_s/tests/tests/ctypes/conversion-array.js
/home/rubbernecker/coderepo/ifuzzer_s/tests/tests/ctypes/conversion-function.js
/home/rubbernecker/coderepo/ifuzzer_s/tests/tests/ctypes/argument-length-finalizer.js
/home/rubbernecker/coderepo/ifuzzer_s/tests/tests/ctypes/argument-length-pointer.js
/home/rubbernecker/coderepo/ifuzzer_s/tests/tests/ctypes/argument-length-primitive.js
/home/rubbernecker/coderepo/ifuzzer_s/tests/tests/ctypes/argument-length-function.js
/home/rubbernecker/coderepo/ifuzzer_s/tests/tests/ctypes/conversion-primitive.js
/home/rubbernecker/coderepo/ifuzzer_s/tests/tests/ctypes/argument-type-int64.js
/home/rubbernecker/coderepo/ifuzzer_s/tests/tests/ctypes/conversion-native-function.js
/home/rubbernecker/coderepo/ifuzzer_s/tests/tests/ctypes/conversion-to-primitive.js
/home/rubbernecker/coderepo/ifuzzer_s/tests/tests/ctypes/argument-type-struct.js
/home/rubbernecker/coderepo/ifuzzer_s/tests/tests/ctypes/conversion-pointer.js
/home/rubbernecker/coderepo/ifuzzer_s/tests/tests/ctypes/conversion-struct.js
/home/rubbernecker/coderepo/ifuzzer_s/tests/tests/xdr/debug-lazy.js
/home/rubbernecker/coderepo/ifuzzer_s/tests/tests/xdr/lazy.js
/home/rubbernecker/coderepo/ifuzzer_s/tests/tests/xdr/trivial.js
/home/rubbernecker/coderepo/ifuzzer_s/tests/tests/for-of/value-done-access.js
/home/rubbernecker/coderepo/ifuzzer_s/tests/tests/for-of/next-arity.js
/home/rubbernecker/coderepo/ifuzzer_s/tests/tests/v8-v5/check-splay.js
/home/rubbernecker/coderepo/ifuzzer_s/tests/tests/v8-v5/check-raytrace.js
/home/rubbernecker/coderepo/ifuzzer_s/tests/tests/v8-v5/check-crypto.js
/home/rubbernecker/coderepo/ifuzzer_s/tests/tests/v8-v5/check-earley-boyer.js
/home/rubbernecker/coderepo/ifuzzer_s/tests/tests/v8-v5/check-deltablue.js
/home/rubbernecker/coderepo/ifuzzer_s/tests/tests/v8-v5/check-regexp.js
/home/rubbernecker/coderepo/ifuzzer_s/tests/tests/v8-v5/check-richards.js
/home/rubbernecker/coderepo/ifuzzer_s/tests/tests/ion/lookupswitch.js
/home/rubbernecker/coderepo/ifuzzer_s/tests/tests/ion/dce-with-rinstructions.js
/home/rubbernecker/coderepo/ifuzzer_s/tests/tests/ion/divmodself.js
/home/rubbernecker/coderepo/ifuzzer_s/tests/tests/sunspider/check-3d-raytrace.js
/home/rubbernecker/coderepo/ifuzzer_s/tests/tests/sunspider/check-string-tagcloud.js
/home/rubbernecker/coderepo/ifuzzer_s/tests/tests/sunspider/check-crypto-aes.js
/home/rubbernecker/coderepo/ifuzzer_s/tests/tests/sunspider/check-regexp-dna.js
/home/rubbernecker/coderepo/ifuzzer_s/tests/tests/sunspider/check-date-format-tofte.js
/home/rubbernecker/coderepo/ifuzzer_s/tests/tests/sunspider/check-string-unpack-code.js
/home/rubbernecker/coderepo/ifuzzer_s/tests/tests/sunspider/check-date-format-xparb.js
/home/rubbernecker/coderepo/ifuzzer_s/tests/tests/basic/testLet.js
/home/rubbernecker/coderepo/ifuzzer_s/tests/tests/basic/syntax-error-illegal-character.js
/home/rubbernecker/coderepo/ifuzzer_s/tests/tests/basic/string-endswith.js
/home/rubbernecker/coderepo/ifuzzer_s/tests/tests/basic/testComparisons.js
/home/rubbernecker/coderepo/ifuzzer_s/tests/tests/basic/testBitopWithConstan.js
/home/rubbernecker/coderepo/ifuzzer_s/tests/tests/basic/bug586917.js
/home/rubbernecker/coderepo/ifuzzer_s/tests/tests/basic/string-startswith.js
/home/rubbernecker/coderepo/ifuzzer_s/tests/tests/basic/math-jit-tests.js
/home/rubbernecker/coderepo/ifuzzer_s/tests/tests/asm.js/testMathLib.js
/home/rubbernecker/coderepo/ifuzzer_s/tests/tests/asm.js/testSIMD.js
/home/rubbernecker/coderepo/ifuzzer_s/tests/tests/asm.js/testResize.js
/home/rubbernecker/coderepo/ifuzzer_s/tests/tests/asm.js/simd-mandelbrot.js
/home/rubbernecker/coderepo/ifuzzer_s/tests/tests/asm.js/testHeapAccess.js
/home/rubbernecker/coderepo/ifuzzer_s/tests/tests/asm.js/testBug965767.js
/home/rubbernecker/coderepo/ifuzzer_s/tests/tests/asm.js/testExpressions.js
/home/rubbernecker/coderepo/ifuzzer_s/tests/tests/asm.js/testBasic.js
/home/rubbernecker/coderepo/ifuzzer_s/tests/tests/asm.js/testGlobals.js
/home/rubbernecker/coderepo/ifuzzer_s/tests/tests/asm.js/testAtomics.js
/home/rubbernecker/coderepo/ifuzzer_s/tests/tests/asm.js/testControlFlow.js
/home/rubbernecker/coderepo/ifuzzer_s/tests/tests/asm.js/testFloat32.js
/home/rubbernecker/coderepo/ifuzzer_s/tests/tests/asm.js/testSIMD-load-store.js
/home/rubbernecker/coderepo/ifuzzer_s/tests/tests/baseline/no-such-property-getprop.js
/home/rubbernecker/coderepo/ifuzzer_s/tests/tests/arguments/argsx-3a.js
/home/rubbernecker/coderepo/ifuzzer_s/tests/tests/arguments/argsx-3.js
/home/rubbernecker/coderepo/ifuzzer_s/tests/tests/bug830943.js
/home/rubbernecker/coderepo/ifuzzer_s/tests/tests/gc/bug-820186.js
/home/rubbernecker/coderepo/ifuzzer_s/tests/tests/atomics/basic-tests.js
/home/rubbernecker/coderepo/ifuzzer_s/tests/tests/ion/nursery-getter-setter.js
/home/rubbernecker/coderepo/ifuzzer_s/tests/tests/proxy/testDirectProxyGetInherited2.js
/home/rubbernecker/coderepo/ifuzzer_s/tests/tests/basic/testNegativeGETELEMIndex.js
/home/rubbernecker/coderepo/ifuzzer_s/tests/tests/basic/testBug1126754.js
/home/rubbernecker/coderepo/ifuzzer_s/tests/tests/basic/bug1153057.js
/home/rubbernecker/coderepo/ifuzzer_s/tests/tests/latin1/regexp.js
/home/rubbernecker/coderepo/ifuzzer_s/tests/tests/basic/bug601428.js
/home/rubbernecker/coderepo/ifuzzer_s/tests/tests/debug/Memory-takeCensus-04.js
/home/rubbernecker/coderepo/ifuzzer_s/tests/tests/debug/Script-displayName-01.js
/home/rubbernecker/coderepo/ifuzzer_s/tests/tests/debug/Debugger-onPromiseSettled-01.js
/home/rubbernecker/coderepo/ifuzzer_s/tests/tests/basic/testGuardCalleeSneakAttack.js
/home/rubbernecker/coderepo/ifuzzer_s/tests/tests/debug/Debugger-onNewPromise-01.js
/home/rubbernecker/coderepo/ifuzzer_s/tests/tests/asm.js/simd-fbirds.js
/home/rubbernecker/coderepo/ifuzzer_s/tests/tests/basic/object-loose-equality.js
/home/rubbernecker/coderepo/ifuzzer_s/tests/tests/basic/bug862228.js
/home/rubbernecker/jsengines/v8/test/test262-es6/data/test/built-ins/Object/seal/symbol-object-contains-symbol-properties-non-strict.js
/home/rubbernecker/jsengines/v8/test/test262-es6/data/test/built-ins/GeneratorFunction/invoked-as-function-no-arguments.js
/home/rubbernecker/jsengines/v8/test/test262-es6/data/test/built-ins/GeneratorPrototype/next/result-prototype.js
/home/rubbernecker/jsengines/v8/test/test262-es6/data/test/language/asi/S7.9_A6.3_T5.js
/home/rubbernecker/jsengines/v8/test/test262-es6/data/test/language/expressions/template/object.js
/home/rubbernecker/jsengines/v8/test/test262-es6/data/test/language/expressions/template/template-values/invalid/legacy-octal-escape-sequence.js
/home/rubbernecker/jsengines/v8/test/test262-es6/data/test/language/expressions/template/tagged-call-expression-argument-list-evaluation.js
/home/rubbernecker/jsengines/v8/test/test262-es6/data/test/language/expressions/assignment/destructuring/array-elem-put-prop-ref-no-get.js
/home/rubbernecker/jsengines/v8/test/test262-es6/data/test/language/expressions/object/method-definition/name-super-prop-body.js
/home/rubbernecker/jsengines/v8/test/test262-es6/data/test/language/expressions/object/method-definition/generator-no-yield.js
/home/rubbernecker/jsengines/v8/test/test262-es6/data/test/language/expressions/object/method-definition/generator-invoke-fn-no-strict.js
/home/rubbernecker/jsengines/v8/test/test262-es6/data/test/language/expressions/object/method-definition/generator-length.js
/home/rubbernecker/jsengines/v8/test/test262-es6/data/test/language/expressions/object/method-definition/name-super-prop-param.js
/home/rubbernecker/jsengines/v8/test/test262-es6/data/test/language/statements/block/S12.1_A4_T2.js
/home/rubbernecker/jsengines/v8/test/test262-es6/data/test/language/statements/try/S12.14_A16_T7.js
/home/rubbernecker/jsengines/v8/test/test262-es6/data/test/language/statements/class/definition/this-access-restriction-2.js
/home/rubbernecker/jsengines/v8/test/test262-es6/data/test/language/statements/class/definition/numeric-property-names.js
/home/rubbernecker/jsengines/v8/test/test262-es6/data/test/language/statements/class/definition/prototype-wiring.js
/home/rubbernecker/jsengines/v8/test/test262-es6/data/test/language/statements/for-of/throw-from-finally.js
/home/rubbernecker/jsengines/v8/test/test262-es6/data/test/built-ins/Function/15.3.5.4_2-50gs.js
/home/rubbernecker/jsengines/v8/test/test262-es6/data/test/built-ins/Function/15.3.5.4_2-51gs.js
/home/rubbernecker/jsengines/v8/test/test262-es6/data/test/built-ins/Function/15.3.5.4_2-49gs.js
/home/rubbernecker/jsengines/v8/test/test262-es6/data/test/built-ins/GeneratorPrototype/throw/try-finally-within-finally.js
/home/rubbernecker/jsengines/v8/test/test262-es6/data/test/language/rest-parameters/rest-parameters-call.js
/home/rubbernecker/jsengines/v8/test/test262-es6/data/test/language/expressions/postfix-decrement/S11.3.2_A5_T1.js
/home/rubbernecker/jsengines/v8/test/test262-es6/data/test/language/expressions/template/template-values/template-character.js
/home/rubbernecker/jsengines/v8/test/test262-es6/data/test/language/expressions/compound-assignment/S11.13.2_A5.8_T4.js
/home/rubbernecker/jsengines/v8/test/test262-es6/data/test/language/expressions/arrow-function/syntax/early-errors/asi-restriction-invalid-parenless-parameters.js
/home/rubbernecker/jsengines/v8/test/test262-es6/data/test/language/expressions/arrow-function/syntax/arrowparameters-cover-rest-lineterminator-concisebody-functionbody.js
/home/rubbernecker/jsengines/v8/test/test262-es6/data/test/language/expressions/object/method-definition/yield-as-statement.js
/home/rubbernecker/jsengines/v8/test/test262-es6/data/test/language/expressions/prefix-increment/S11.4.4_A5_T2.js
/home/rubbernecker/jsengines/v8/test/test262-es6/data/test/language/statements/for/let-fresh-binding-per-iteration-for.js
/home/rubbernecker/jsengines/v8/test/test262-es6/data/test/language/statements/generators/yield-as-expression-with-rhs.js
/home/rubbernecker/jsengines/v8/test/test262-es6/data/test/language/statements/class/subclass/derived-class-return-override-with-this.js
/home/rubbernecker/jsengines/v8/test/test262-es6/data/test/language/statements/class/subclass/derived-class-return-override-with-object.js
/home/rubbernecker/jsengines/v8/test/test262-es6/data/test/language/statements/class/name-binding/expression.js
/home/rubbernecker/jsengines/v8/test/test262-es6/data/test/language/class/method-definition/yield-star-after-newline.js
/home/rubbernecker/jsengines/v8/test/test262-es6/data/test/built-ins/Object/prototype/hasOwnProperty/8.12.1-1_20.js
/home/rubbernecker/jsengines/v8/test/test262-es6/data/test/language/class/method-definition/yield-as-label.js
36
/home/rubbernecker/jsengines/v8/test/test262-es6/data/test/built-ins/Set/set-iterable-calls-add.js
37
/home/rubbernecker/jsengines/v8/test/test262-es6/data/test/built-ins/Set/set-iterator-value-failure.js
44
/home/rubbernecker/jsengines/v8/test/test262-es6/data/test/built-ins/Set/set-iterable-empty-does-not-call-add.js
111
/home/rubbernecker/jsengines/v8/test/test262-es6/data/test/built-ins/Set/prototype/forEach/this-arg-explicit-cannot-override-lexical-this-arrow.js
113
/home/rubbernecker/jsengines/v8/test/test262-es6/data/test/built-ins/Set/prototype/forEach/iterates-values-deleted-then-readded.js
115
/home/rubbernecker/jsengines/v8/test/test262-es6/data/test/built-ins/Set/prototype/forEach/iterates-values-not-deleted.js
116
/home/rubbernecker/jsengines/v8/test/test262-es6/data/test/built-ins/Set/prototype/forEach/iterates-values-revisits-after-delete-re-add.js
117
/home/rubbernecker/jsengines/v8/test/test262-es6/data/test/built-ins/Set/prototype/forEach/this-arg-explicit.js
130
/home/rubbernecker/jsengines/v8/test/test262-es6/data/test/built-ins/Set/prototype/forEach/returns-undefined.js
132
/home/rubbernecker/jsengines/v8/test/test262-es6/data/test/built-ins/Set/prototype/forEach/iterates-values-added-after-foreach-begins.js
133
/home/rubbernecker/jsengines/v8/test/test262-es6/data/test/built-ins/Set/prototype/forEach/this-non-strict.js
140
/home/rubbernecker/jsengines/v8/test/test262-es6/data/test/built-ins/Set/prototype/forEach/iterates-in-iterable-entry-order.js
141
/home/rubbernecker/jsengines/v8/test/test262-es6/data/test/built-ins/Set/prototype/forEach/this-strict.js
142
/home/rubbernecker/jsengines/v8/test/test262-es6/data/test/built-ins/Set/prototype/forEach/throws-when-callback-throws.js
194
/home/rubbernecker/jsengines/v8/test/test262-es6/data/test/built-ins/Set/prototype/add/preserves-insertion-order.js
280
/home/rubbernecker/jsengines/v8/test/test262-es6/data/test/built-ins/Object/getOwnPropertySymbols/object-contains-symbol-property-without-description.js
281
/home/rubbernecker/jsengines/v8/test/test262-es6/data/test/built-ins/Object/getOwnPropertySymbols/object-contains-symbol-property-with-description.js
926
/home/rubbernecker/jsengines/v8/test/test262-es6/data/test/built-ins/Object/defineProperty/symbol-data-property-default-strict.js
991
/home/rubbernecker/jsengines/v8/test/test262-es6/data/test/built-ins/Object/defineProperty/symbol-data-property-writable.js
1282
/home/rubbernecker/jsengines/v8/test/test262-es6/data/test/built-ins/Object/defineProperty/symbol-data-property-default-non-strict.js
1751
/home/rubbernecker/jsengines/v8/test/test262-es6/data/test/built-ins/Object/defineProperty/symbol-data-property-configurable.js
1830
/home/rubbernecker/jsengines/v8/test/test262-es6/data/test/built-ins/Object/seal/symbol-object-contains-symbol-properties-strict.js
2247
/home/rubbernecker/jsengines/v8/test/test262-es6/data/test/built-ins/Object/preventExtensions/symbol-object-contains-symbol-properties-strict.js
2282
/home/rubbernecker/jsengines/v8/test/test262-es6/data/test/built-ins/Object/preventExtensions/symbol-object-contains-symbol-properties-non-strict.js
2298
/home/rubbernecker/jsengines/v8/test/test262-es6/data/test/built-ins/Object/assign/source-get-attr-error.js
2313
/home/rubbernecker/jsengines/v8/test/test262-es6/data/test/built-ins/Object/is/not-same-value-x-y-type.js
2317
/home/rubbernecker/jsengines/v8/test/test262-es6/data/test/built-ins/Object/is/not-same-value-x-y-string.js
2319
/home/rubbernecker/jsengines/v8/test/test262-es6/data/test/built-ins/Object/is/same-value-x-y-object.js
2320
/home/rubbernecker/jsengines/v8/test/test262-es6/data/test/built-ins/Object/is/not-same-value-x-y-object.js
2322
/home/rubbernecker/jsengines/v8/test/test262-es6/data/test/built-ins/Object/is/not-same-value-x-y-boolean.js
2372
/home/rubbernecker/jsengines/v8/test/test262-es6/data/test/built-ins/Object/freeze/frozen-object-contains-symbol-properties-non-strict.js
3211
/home/rubbernecker/jsengines/v8/test/test262-es6/data/test/built-ins/Object/prototype/hasOwnProperty/8.12.1-1_23.js
3214
/home/rubbernecker/jsengines/v8/test/test262-es6/data/test/built-ins/Object/prototype/hasOwnProperty/8.12.1-1_22.js
3221
/home/rubbernecker/jsengines/v8/test/test262-es6/data/test/built-ins/Object/prototype/hasOwnProperty/8.12.1-1_25.js
4171
/home/rubbernecker/jsengines/v8/test/test262-es6/data/test/built-ins/RegExp/S15.10.2.8_A4_T8.js
5399
/home/rubbernecker/jsengines/v8/test/test262-es6/data/test/built-ins/WeakSet/iterator-close-after-add-failure.js
5403
/home/rubbernecker/jsengines/v8/test/test262-es6/data/test/built-ins/WeakSet/iterator-value-failure.js
5463
/home/rubbernecker/jsengines/v8/test/test262-es6/data/test/built-ins/WeakSet/prototype/add/returns-this.js
5470
/home/rubbernecker/jsengines/v8/test/test262-es6/data/test/built-ins/WeakSet/prototype/add/returns-this-when-ignoring-duplicate.js
5535
/home/rubbernecker/jsengines/v8/test/test262-es6/data/test/built-ins/Function/15.3.5.4_2-48gs.js
5639
/home/rubbernecker/jsengines/v8/test/test262-es6/data/test/built-ins/Function/15.3.5.4_2-96gs.js
6530
/home/rubbernecker/jsengines/v8/test/test262-es6/data/test/built-ins/Array/prototype/concat/Array.prototype.concat_small-typed-array.js
6539
/home/rubbernecker/jsengines/v8/test/test262-es6/data/test/built-ins/Array/prototype/concat/Array.prototype.concat_large-typed-array.js
7797
/home/rubbernecker/jsengines/v8/test/test262-es6/data/test/built-ins/Array/prototype/splice/S15.4.4.12_A6.1_T3.js
8740
/home/rubbernecker/jsengines/v8/test/test262-es6/data/test/built-ins/GeneratorFunction/invoked-as-constructor-no-arguments.js
8743
/home/rubbernecker/jsengines/v8/test/test262-es6/data/test/built-ins/GeneratorFunction/invoked-as-function-single-argument.js
8744
/home/rubbernecker/jsengines/v8/test/test262-es6/data/test/built-ins/GeneratorFunction/invoked-as-function-multiple-arguments.js
8991
/home/rubbernecker/jsengines/v8/test/test262-es6/data/test/built-ins/GeneratorPrototype/throw/from-state-suspended-start.js
8992
/home/rubbernecker/jsengines/v8/test/test262-es6/data/test/built-ins/GeneratorPrototype/throw/try-finally-nested-try-catch-within-outer-try-before-nested.js
8993
/home/rubbernecker/jsengines/v8/test/test262-es6/data/test/built-ins/GeneratorPrototype/throw/try-finally-following-finally.js
8994
/home/rubbernecker/jsengines/v8/test/test262-es6/data/test/built-ins/GeneratorPrototype/throw/try-catch-within-catch.js
8995
/home/rubbernecker/jsengines/v8/test/test262-es6/data/test/built-ins/GeneratorPrototype/throw/try-catch-before-try.js
8996
/home/rubbernecker/jsengines/v8/test/test262-es6/data/test/built-ins/GeneratorPrototype/throw/try-finally-within-try.js
8997
/home/rubbernecker/jsengines/v8/test/test262-es6/data/test/built-ins/GeneratorPrototype/throw/try-catch-following-catch.js
8998
/home/rubbernecker/jsengines/v8/test/test262-es6/data/test/built-ins/GeneratorPrototype/throw/try-finally-nested-try-catch-within-inner-try.js
8999
/home/rubbernecker/jsengines/v8/test/test262-es6/data/test/built-ins/GeneratorPrototype/throw/try-finally-before-try.js
9001
/home/rubbernecker/jsengines/v8/test/test262-es6/data/test/built-ins/GeneratorPrototype/throw/try-finally-nested-try-catch-within-catch.js
9002
/home/rubbernecker/jsengines/v8/test/test262-es6/data/test/built-ins/GeneratorPrototype/throw/from-state-completed.js
9003
/home/rubbernecker/jsengines/v8/test/test262-es6/data/test/built-ins/GeneratorPrototype/throw/try-finally-nested-try-catch-within-outer-try-after-nested.js
9005
/home/rubbernecker/jsengines/v8/test/test262-es6/data/test/built-ins/GeneratorPrototype/throw/try-finally-nested-try-catch-within-finally.js
9007
/home/rubbernecker/jsengines/v8/test/test262-es6/data/test/built-ins/GeneratorPrototype/throw/try-catch-within-try.js
9012
/home/rubbernecker/jsengines/v8/test/test262-es6/data/test/built-ins/GeneratorPrototype/next/return-yield-expr.js
9013
/home/rubbernecker/jsengines/v8/test/test262-es6/data/test/built-ins/GeneratorPrototype/next/no-control-flow.js
9014
/home/rubbernecker/jsengines/v8/test/test262-es6/data/test/built-ins/GeneratorPrototype/next/consecutive-yields.js
9015
/home/rubbernecker/jsengines/v8/test/test262-es6/data/test/built-ins/GeneratorPrototype/next/from-state-executing.js
9016
/home/rubbernecker/jsengines/v8/test/test262-es6/data/test/built-ins/GeneratorPrototype/next/lone-yield.js
9017
/home/rubbernecker/jsengines/v8/test/test262-es6/data/test/built-ins/GeneratorPrototype/next/lone-return.js
9021
/home/rubbernecker/jsengines/v8/test/test262-es6/data/test/built-ins/GeneratorPrototype/return/from-state-suspended-start.js
9022
/home/rubbernecker/jsengines/v8/test/test262-es6/data/test/built-ins/GeneratorPrototype/return/try-finally-nested-try-catch-within-outer-try-before-nested.js
9023
/home/rubbernecker/jsengines/v8/test/test262-es6/data/test/built-ins/GeneratorPrototype/return/try-finally-following-finally.js
9024
/home/rubbernecker/jsengines/v8/test/test262-es6/data/test/built-ins/GeneratorPrototype/return/try-catch-within-catch.js
9025
/home/rubbernecker/jsengines/v8/test/test262-es6/data/test/built-ins/GeneratorPrototype/return/try-catch-before-try.js
9026
/home/rubbernecker/jsengines/v8/test/test262-es6/data/test/built-ins/GeneratorPrototype/return/try-finally-within-try.js
9027
/home/rubbernecker/jsengines/v8/test/test262-es6/data/test/built-ins/GeneratorPrototype/return/try-catch-following-catch.js
9028
/home/rubbernecker/jsengines/v8/test/test262-es6/data/test/built-ins/GeneratorPrototype/return/try-finally-nested-try-catch-within-inner-try.js
9029
/home/rubbernecker/jsengines/v8/test/test262-es6/data/test/built-ins/GeneratorPrototype/return/try-finally-before-try.js
9031
/home/rubbernecker/jsengines/v8/test/test262-es6/data/test/built-ins/GeneratorPrototype/return/try-finally-nested-try-catch-within-catch.js
9032
/home/rubbernecker/jsengines/v8/test/test262-es6/data/test/built-ins/GeneratorPrototype/return/from-state-completed.js
9033
/home/rubbernecker/jsengines/v8/test/test262-es6/data/test/built-ins/GeneratorPrototype/return/try-finally-nested-try-catch-within-outer-try-after-nested.js
9034
/home/rubbernecker/jsengines/v8/test/test262-es6/data/test/built-ins/GeneratorPrototype/return/try-finally-within-finally.js
9035
/home/rubbernecker/jsengines/v8/test/test262-es6/data/test/built-ins/GeneratorPrototype/return/try-finally-nested-try-catch-within-finally.js
9036
/home/rubbernecker/jsengines/v8/test/test262-es6/data/test/built-ins/GeneratorPrototype/return/property-descriptor.js
9037
/home/rubbernecker/jsengines/v8/test/test262-es6/data/test/built-ins/GeneratorPrototype/return/try-catch-within-try.js
9171
/home/rubbernecker/jsengines/v8/test/test262-es6/data/test/language/comments/S7.4_A4_T4.js
9175
/home/rubbernecker/jsengines/v8/test/test262-es6/data/test/language/comments/S7.4_A3.js
9181
/home/rubbernecker/jsengines/v8/test/test262-es6/data/test/language/comments/S7.4_A2_T2.js
9184
/home/rubbernecker/jsengines/v8/test/test262-es6/data/test/language/comments/S7.4_A4_T1.js
9327
/home/rubbernecker/jsengines/v8/test/test262-es6/data/test/language/literals/numeric/octal.js
9332
/home/rubbernecker/jsengines/v8/test/test262-es6/data/test/language/literals/string/S7.8.4_A3.1_T2.js
9333
/home/rubbernecker/jsengines/v8/test/test262-es6/data/test/language/literals/string/S7.8.4_A7.2_T4.js
9335
/home/rubbernecker/jsengines/v8/test/test262-es6/data/test/language/literals/string/S7.8.4_A7.2_T5.js
9337
/home/rubbernecker/jsengines/v8/test/test262-es6/data/test/language/literals/string/S7.8.4_A3.2_T1.js
9343
/home/rubbernecker/jsengines/v8/test/test262-es6/data/test/language/literals/string/S7.8.4_A7.1_T4.js
9352
/home/rubbernecker/jsengines/v8/test/test262-es6/data/test/language/literals/string/S7.8.4_A7.2_T6.js
9354
/home/rubbernecker/jsengines/v8/test/test262-es6/data/test/language/literals/string/S7.8.4_A7.2_T2.js
9355
/home/rubbernecker/jsengines/v8/test/test262-es6/data/test/language/literals/string/S7.8.4_A4.3_T1.js
9376
/home/rubbernecker/jsengines/v8/test/test262-es6/data/test/language/literals/string/S7.8.4_A1.1_T2.js
9377
/home/rubbernecker/jsengines/v8/test/test262-es6/data/test/language/literals/string/S7.8.4_A3.1_T1.js
9378
/home/rubbernecker/jsengines/v8/test/test262-es6/data/test/language/literals/string/S7.8.4_A1.2_T2.js
9382
/home/rubbernecker/jsengines/v8/test/test262-es6/data/test/language/literals/string/S7.8.4_A1.2_T1.js
9383
/home/rubbernecker/jsengines/v8/test/test262-es6/data/test/language/literals/string/S7.8.4_A4.3_T2.js
9385
/home/rubbernecker/jsengines/v8/test/test262-es6/data/test/language/literals/string/S7.8.4_A3.2_T2.js
9390
/home/rubbernecker/jsengines/v8/test/test262-es6/data/test/language/literals/string/S7.8.4_A1.1_T1.js
9394
/home/rubbernecker/jsengines/v8/test/test262-es6/data/test/language/literals/string/S7.8.4_A7.2_T3.js
9401
/home/rubbernecker/jsengines/v8/test/test262-es6/data/test/language/literals/string/S7.8.4_A7.2_T1.js
9415
/home/rubbernecker/jsengines/v8/test/test262-es6/data/test/language/literals/regexp/S7.8.5_A2.3_T3.js
9417
/home/rubbernecker/jsengines/v8/test/test262-es6/data/test/language/literals/regexp/S7.8.5_A1.2_T2.js
9420
/home/rubbernecker/jsengines/v8/test/test262-es6/data/test/language/literals/regexp/S7.8.5_A1.3_T1.js
9421
/home/rubbernecker/jsengines/v8/test/test262-es6/data/test/language/literals/regexp/S7.8.5_A2.5_T3.js
9422
/home/rubbernecker/jsengines/v8/test/test262-es6/data/test/language/literals/regexp/S7.8.5_A2.2_T1.js
9424
/home/rubbernecker/jsengines/v8/test/test262-es6/data/test/language/literals/regexp/S7.8.5_A2.3_T1.js
9433
/home/rubbernecker/jsengines/v8/test/test262-es6/data/test/language/literals/regexp/S7.8.5_A1.2_T4.js
9434
/home/rubbernecker/jsengines/v8/test/test262-es6/data/test/language/literals/regexp/S7.8.5_A1.2_T1.js
9438
/home/rubbernecker/jsengines/v8/test/test262-es6/data/test/language/literals/regexp/S7.8.5_A1.2_T3.js
9443
/home/rubbernecker/jsengines/v8/test/test262-es6/data/test/language/literals/regexp/S7.8.5_A1.5_T3.js
9450
/home/rubbernecker/jsengines/v8/test/test262-es6/data/test/language/literals/regexp/S7.8.5_A2.5_T1.js
9451
/home/rubbernecker/jsengines/v8/test/test262-es6/data/test/language/literals/regexp/S7.8.5_A1.3_T3.js
9455
/home/rubbernecker/jsengines/v8/test/test262-es6/data/test/language/literals/regexp/7.8.5-1gs.js
9461
/home/rubbernecker/jsengines/v8/test/test262-es6/data/test/language/literals/regexp/S7.8.5_A1.5_T1.js
9463
/home/rubbernecker/jsengines/v8/test/test262-es6/data/test/language/literals/regexp/S7.8.5_A2.2_T2.js
9527
/home/rubbernecker/jsengines/v8/test/test262-es6/data/test/language/arguments-object/mapped/mapped-arguments-nonconfigurable-nonwritable-3.js
9601
/home/rubbernecker/jsengines/v8/test/test262-es6/data/test/language/rest-parameters/with-new-target.js
9602
/home/rubbernecker/jsengines/v8/test/test262-es6/data/test/language/rest-parameters/rest-index.js
9603
/home/rubbernecker/jsengines/v8/test/test262-es6/data/test/language/rest-parameters/expected-argument-count.js
9605
/home/rubbernecker/jsengines/v8/test/test262-es6/data/test/language/rest-parameters/arrow-function.js
9608
/home/rubbernecker/jsengines/v8/test/test262-es6/data/test/language/rest-parameters/rest-parameters-apply.js
9609
/home/rubbernecker/jsengines/v8/test/test262-es6/data/test/language/computed-property-names/to-name-side-effects/numbers-object.js
9610
/home/rubbernecker/jsengines/v8/test/test262-es6/data/test/language/computed-property-names/to-name-side-effects/class.js
9611
/home/rubbernecker/jsengines/v8/test/test262-es6/data/test/language/computed-property-names/to-name-side-effects/numbers-class.js
9612
/home/rubbernecker/jsengines/v8/test/test262-es6/data/test/language/computed-property-names/to-name-side-effects/object.js
9613
/home/rubbernecker/jsengines/v8/test/test262-es6/data/test/language/computed-property-names/basics/symbol.js
9614
/home/rubbernecker/jsengines/v8/test/test262-es6/data/test/language/computed-property-names/basics/number.js
9615
/home/rubbernecker/jsengines/v8/test/test262-es6/data/test/language/computed-property-names/basics/string.js
9616
/home/rubbernecker/jsengines/v8/test/test262-es6/data/test/language/computed-property-names/object/accessor/setter-duplicates.js
9617
/home/rubbernecker/jsengines/v8/test/test262-es6/data/test/language/computed-property-names/object/accessor/setter-super.js
9618
/home/rubbernecker/jsengines/v8/test/test262-es6/data/test/language/computed-property-names/object/accessor/getter-super.js
9619
/home/rubbernecker/jsengines/v8/test/test262-es6/data/test/language/computed-property-names/object/accessor/getter-duplicates.js
9620
/home/rubbernecker/jsengines/v8/test/test262-es6/data/test/language/computed-property-names/object/accessor/setter.js
9621
/home/rubbernecker/jsengines/v8/test/test262-es6/data/test/language/computed-property-names/object/accessor/getter.js
9622
/home/rubbernecker/jsengines/v8/test/test262-es6/data/test/language/computed-property-names/object/property/number-duplicates.js
9623
/home/rubbernecker/jsengines/v8/test/test262-es6/data/test/language/computed-property-names/object/method/symbol.js
9624
/home/rubbernecker/jsengines/v8/test/test262-es6/data/test/language/computed-property-names/object/method/super.js
9625
/home/rubbernecker/jsengines/v8/test/test262-es6/data/test/language/computed-property-names/object/method/number.js
9626
/home/rubbernecker/jsengines/v8/test/test262-es6/data/test/language/computed-property-names/object/method/generator.js
9627
/home/rubbernecker/jsengines/v8/test/test262-es6/data/test/language/computed-property-names/object/method/string.js
9628
/home/rubbernecker/jsengines/v8/test/test262-es6/data/test/language/computed-property-names/class/accessor/setter-duplicates.js
9629
/home/rubbernecker/jsengines/v8/test/test262-es6/data/test/language/computed-property-names/class/accessor/getter-duplicates.js
9630
/home/rubbernecker/jsengines/v8/test/test262-es6/data/test/language/computed-property-names/class/accessor/setter.js
9631
/home/rubbernecker/jsengines/v8/test/test262-es6/data/test/language/computed-property-names/class/accessor/getter.js
9632
/home/rubbernecker/jsengines/v8/test/test262-es6/data/test/language/computed-property-names/class/static/generator-constructor.js
9633
/home/rubbernecker/jsengines/v8/test/test262-es6/data/test/language/computed-property-names/class/static/method-symbol.js
9637
/home/rubbernecker/jsengines/v8/test/test262-es6/data/test/language/computed-property-names/class/static/method-string.js
9639
/home/rubbernecker/jsengines/v8/test/test262-es6/data/test/language/computed-property-names/class/static/method-number.js
9643
/home/rubbernecker/jsengines/v8/test/test262-es6/data/test/language/computed-property-names/class/method/symbol.js
9647
/home/rubbernecker/jsengines/v8/test/test262-es6/data/test/language/computed-property-names/class/method/constructor-can-be-generator.js
9649
/home/rubbernecker/jsengines/v8/test/test262-es6/data/test/language/computed-property-names/class/method/number.js
9650
/home/rubbernecker/jsengines/v8/test/test262-es6/data/test/language/computed-property-names/class/method/generator.js
9652
/home/rubbernecker/jsengines/v8/test/test262-es6/data/test/language/computed-property-names/class/method/string.js
9653
/home/rubbernecker/jsengines/v8/test/test262-es6/data/test/language/computed-property-names/class/method/constructor.js
9693
/home/rubbernecker/jsengines/v8/test/test262-es6/data/test/language/types/string/S8.4_A13_T2.js
9706
/home/rubbernecker/jsengines/v8/test/test262-es6/data/test/language/types/string/S8.4_A14_T1.js
9707
/home/rubbernecker/jsengines/v8/test/test262-es6/data/test/language/types/string/S8.4_A14_T2.js
9708
/home/rubbernecker/jsengines/v8/test/test262-es6/data/test/language/types/string/S8.4_A13_T1.js
9767
/home/rubbernecker/jsengines/v8/test/test262-es6/data/test/language/asi/S7.9_A6.2_T2.js
9771
/home/rubbernecker/jsengines/v8/test/test262-es6/data/test/language/asi/S7.9_A6.2_T8.js
9776
/home/rubbernecker/jsengines/v8/test/test262-es6/data/test/language/asi/S7.9_A6.2_T6.js
9780
/home/rubbernecker/jsengines/v8/test/test262-es6/data/test/language/asi/S7.9_A6.2_T7.js
9782
/home/rubbernecker/jsengines/v8/test/test262-es6/data/test/language/asi/S7.9_A6.2_T9.js
9783
/home/rubbernecker/jsengines/v8/test/test262-es6/data/test/language/asi/S7.9_A6.4_T1.js
9786
/home/rubbernecker/jsengines/v8/test/test262-es6/data/test/language/asi/S7.9_A6.2_T3.js
9788
/home/rubbernecker/jsengines/v8/test/test262-es6/data/test/language/asi/S7.9_A6.3_T7.js
9795
/home/rubbernecker/jsengines/v8/test/test262-es6/data/test/language/asi/S7.9_A5.3_T1.js
9798
/home/rubbernecker/jsengines/v8/test/test262-es6/data/test/language/asi/S7.9_A6.2_T10.js
9817
/home/rubbernecker/jsengines/v8/test/test262-es6/data/test/language/asi/S7.9_A6.2_T4.js
9821
/home/rubbernecker/jsengines/v8/test/test262-es6/data/test/language/asi/S7.9_A10_T4.js
9825
/home/rubbernecker/jsengines/v8/test/test262-es6/data/test/language/asi/S7.9_A6.3_T6.js
9835
/home/rubbernecker/jsengines/v8/test/test262-es6/data/test/language/asi/S7.9_A6.4_T2.js
9847
/home/rubbernecker/jsengines/v8/test/test262-es6/data/test/language/asi/S7.9_A6.2_T5.js
9850
/home/rubbernecker/jsengines/v8/test/test262-es6/data/test/language/asi/S7.9.2_A1_T3.js
9852
/home/rubbernecker/jsengines/v8/test/test262-es6/data/test/language/asi/S7.9_A6.2_T1.js
9855
/home/rubbernecker/jsengines/v8/test/test262-es6/data/test/language/asi/S7.9_A5.1_T1.js
9867
/home/rubbernecker/jsengines/v8/test/test262-es6/data/test/language/identifiers/S7.6_A4.2_T1.js
9901
/home/rubbernecker/jsengines/v8/test/test262-es6/data/test/language/identifiers/S7.6_A4.2_T2.js
10033
/home/rubbernecker/jsengines/v8/test/test262-es6/data/test/language/expressions/postfix-decrement/S11.3.2_A5_T4.js
10037
/home/rubbernecker/jsengines/v8/test/test262-es6/data/test/language/expressions/postfix-decrement/S11.3.2_A5_T3.js
10050
/home/rubbernecker/jsengines/v8/test/test262-es6/data/test/language/expressions/postfix-decrement/S11.3.2_A5_T2.js
10171
/home/rubbernecker/jsengines/v8/test/test262-es6/data/test/language/expressions/generators/yield-as-statement.js
10177
/home/rubbernecker/jsengines/v8/test/test262-es6/data/test/language/expressions/generators/yield-as-yield-operand.js
10181
/home/rubbernecker/jsengines/v8/test/test262-es6/data/test/language/expressions/generators/yield-as-expression-without-rhs.js
10185
/home/rubbernecker/jsengines/v8/test/test262-es6/data/test/language/expressions/generators/yield-as-expression-with-rhs.js
10198
/home/rubbernecker/jsengines/v8/test/test262-es6/data/test/language/expressions/generators/yield-newline.js
10305
/home/rubbernecker/jsengines/v8/test/test262-es6/data/test/language/expressions/prefix-decrement/S11.4.5_A5_T3.js
10306
/home/rubbernecker/jsengines/v8/test/test262-es6/data/test/language/expressions/prefix-decrement/S11.4.5_A5_T1.js
10313
/home/rubbernecker/jsengines/v8/test/test262-es6/data/test/language/expressions/prefix-decrement/S11.4.5_A5_T2.js
10325
/home/rubbernecker/jsengines/v8/test/test262-es6/data/test/language/expressions/prefix-decrement/S11.4.5_A5_T4.js
10328
/home/rubbernecker/jsengines/v8/test/test262-es6/data/test/language/expressions/template/template-values/utf16-escape-sequence.js
10329
/home/rubbernecker/jsengines/v8/test/test262-es6/data/test/language/expressions/template/template-values/line-continuation.js
10330
/home/rubbernecker/jsengines/v8/test/test262-es6/data/test/language/expressions/template/template-values/template-head.js
10332
/home/rubbernecker/jsengines/v8/test/test262-es6/data/test/language/expressions/template/template-values/invalid/unicode-escape-sequence-truncated.js
10334
/home/rubbernecker/jsengines/v8/test/test262-es6/data/test/language/expressions/template/template-values/invalid/hexidecimal-character-escape-sequence-truncated.js
10335
/home/rubbernecker/jsengines/v8/test/test262-es6/data/test/language/expressions/template/template-values/character-escape-sequence.js
10336
/home/rubbernecker/jsengines/v8/test/test262-es6/data/test/language/expressions/template/template-values/no-substitution.js
10337
/home/rubbernecker/jsengines/v8/test/test262-es6/data/test/language/expressions/template/template-values/line-terminator-sequence.js
10338
/home/rubbernecker/jsengines/v8/test/test262-es6/data/test/language/expressions/template/template-values/template-tail.js
10339
/home/rubbernecker/jsengines/v8/test/test262-es6/data/test/language/expressions/template/template-values/template-characters.js
10340
/home/rubbernecker/jsengines/v8/test/test262-es6/data/test/language/expressions/template/template-values/template-middle.js
10341
/home/rubbernecker/jsengines/v8/test/test262-es6/data/test/language/expressions/template/template-values/null-character-escape-sequence.js
10343
/home/rubbernecker/jsengines/v8/test/test262-es6/data/test/language/expressions/template/template-values/escape-sequence.js
10345
/home/rubbernecker/jsengines/v8/test/test262-es6/data/test/language/expressions/template/evaluation-order.js
10346
/home/rubbernecker/jsengines/v8/test/test262-es6/data/test/language/expressions/template/template-literal.js
10347
/home/rubbernecker/jsengines/v8/test/test262-es6/data/test/language/expressions/template/method-invocation.js
10348
/home/rubbernecker/jsengines/v8/test/test262-es6/data/test/language/expressions/template/tagged-template-object-frozen-non-strict.js
10349
/home/rubbernecker/jsengines/v8/test/test262-es6/data/test/language/expressions/template/caching/differing-expressions.js
10350
/home/rubbernecker/jsengines/v8/test/test262-es6/data/test/language/expressions/template/caching/identical-source.js
10351
/home/rubbernecker/jsengines/v8/test/test262-es6/data/test/language/expressions/template/caching/identical-source-new-function.js
10352
/home/rubbernecker/jsengines/v8/test/test262-es6/data/test/language/expressions/template/caching/identical-source-eval.js
10353
/home/rubbernecker/jsengines/v8/test/test262-es6/data/test/language/expressions/template/caching/differing-expressions-eval.js
10354
/home/rubbernecker/jsengines/v8/test/test262-es6/data/test/language/expressions/template/caching/differing-raw-strings.js
10355
/home/rubbernecker/jsengines/v8/test/test262-es6/data/test/language/expressions/template/caching/differing-string-count.js
10356
/home/rubbernecker/jsengines/v8/test/test262-es6/data/test/language/expressions/template/caching/differing-expressions-new-function.js
10357
/home/rubbernecker/jsengines/v8/test/test262-es6/data/test/language/expressions/template/tagged-member-expression-context.js
10358
/home/rubbernecker/jsengines/v8/test/test262-es6/data/test/language/expressions/template/tagged-constructor-invocation.js
10359
/home/rubbernecker/jsengines/v8/test/test262-es6/data/test/language/expressions/template/function-invocation.js
10360
/home/rubbernecker/jsengines/v8/test/test262-es6/data/test/language/expressions/template/tagged-template-object-frozen-strict.js
10361
/home/rubbernecker/jsengines/v8/test/test262-es6/data/test/language/expressions/template/tagged-chained-application.js
10362
/home/rubbernecker/jsengines/v8/test/test262-es6/data/test/language/expressions/template/object-deference.js
10364
/home/rubbernecker/jsengines/v8/test/test262-es6/data/test/language/expressions/template/tagged-template-object.js
10451
/home/rubbernecker/jsengines/v8/test/test262-es6/data/test/language/expressions/assignment/destructuring/array-rest-put-prop-ref-no-get.js
10459
/home/rubbernecker/jsengines/v8/test/test262-es6/data/test/language/expressions/assignment/destructuring/obj-id-init-assignment.js
10464
/home/rubbernecker/jsengines/v8/test/test262-es6/data/test/language/expressions/assignment/destructuring/obj-prop-put-prop-ref-no-get.js
10514
/home/rubbernecker/jsengines/v8/test/test262-es6/data/test/language/expressions/assignment/destructuring/array-elem-put-prop-ref-user-err.js
10516
/home/rubbernecker/jsengines/v8/test/test262-es6/data/test/language/expressions/assignment/destructuring/array-rest-put-prop-ref-user-err.js
10547
/home/rubbernecker/jsengines/v8/test/test262-es6/data/test/language/expressions/assignment/destructuring/obj-prop-put-prop-ref-user-err.js
10573
/home/rubbernecker/jsengines/v8/test/test262-es6/data/test/language/expressions/assignment/destructuring/obj-prop-elem-init-assignment.js
10640
/home/rubbernecker/jsengines/v8/test/test262-es6/data/test/language/expressions/compound-assignment/S11.13.2_A5.5_T3.js
10647
/home/rubbernecker/jsengines/v8/test/test262-es6/data/test/language/expressions/compound-assignment/S11.13.2_A5.9_T3.js
10659
/home/rubbernecker/jsengines/v8/test/test262-es6/data/test/language/expressions/compound-assignment/S11.13.2_A5.9_T2.js
10662
/home/rubbernecker/jsengines/v8/test/test262-es6/data/test/language/expressions/compound-assignment/S11.13.2_A5.10_T3.js
10671
/home/rubbernecker/jsengines/v8/test/test262-es6/data/test/language/expressions/compound-assignment/S11.13.2_A5.3_T4.js
10672
/home/rubbernecker/jsengines/v8/test/test262-es6/data/test/language/expressions/compound-assignment/S11.13.2_A5.3_T3.js
10692
/home/rubbernecker/jsengines/v8/test/test262-es6/data/test/language/expressions/compound-assignment/S11.13.2_A5.7_T2.js
10712
/home/rubbernecker/jsengines/v8/test/test262-es6/data/test/language/expressions/compound-assignment/S11.13.2_A5.8_T1.js
10718
/home/rubbernecker/jsengines/v8/test/test262-es6/data/test/language/expressions/compound-assignment/S11.13.2_A5.3_T2.js
10744
/home/rubbernecker/jsengines/v8/test/test262-es6/data/test/language/expressions/compound-assignment/S11.13.2_A5.5_T1.js
10769
/home/rubbernecker/jsengines/v8/test/test262-es6/data/test/language/expressions/compound-assignment/S11.13.2_A5.7_T1.js
10781
/home/rubbernecker/jsengines/v8/test/test262-es6/data/test/language/expressions/compound-assignment/S11.13.2_A5.7_T4.js
10796
/home/rubbernecker/jsengines/v8/test/test262-es6/data/test/language/expressions/compound-assignment/S11.13.2_A5.10_T4.js
10798
/home/rubbernecker/jsengines/v8/test/test262-es6/data/test/language/expressions/compound-assignment/S11.13.2_A5.8_T3.js
10802
/home/rubbernecker/jsengines/v8/test/test262-es6/data/test/language/expressions/compound-assignment/S11.13.2_A5.4_T4.js
10817
/home/rubbernecker/jsengines/v8/test/test262-es6/data/test/language/expressions/compound-assignment/S11.13.2_A5.11_T4.js
10819
/home/rubbernecker/jsengines/v8/test/test262-es6/data/test/language/expressions/compound-assignment/S11.13.2_A5.1_T3.js
10821
/home/rubbernecker/jsengines/v8/test/test262-es6/data/test/language/expressions/compound-assignment/S11.13.2_A5.2_T4.js
10830
/home/rubbernecker/jsengines/v8/test/test262-es6/data/test/language/expressions/compound-assignment/S11.13.2_A5.5_T2.js
10837
/home/rubbernecker/jsengines/v8/test/test262-es6/data/test/language/expressions/compound-assignment/S11.13.2_A5.1_T2.js
10859
/home/rubbernecker/jsengines/v8/test/test262-es6/data/test/language/expressions/compound-assignment/S11.13.2_A5.3_T1.js
10860
/home/rubbernecker/jsengines/v8/test/test262-es6/data/test/language/expressions/compound-assignment/S11.13.2_A5.6_T3.js
10862
/home/rubbernecker/jsengines/v8/test/test262-es6/data/test/language/expressions/compound-assignment/S11.13.2_A5.4_T2.js
10883
/home/rubbernecker/jsengines/v8/test/test262-es6/data/test/language/expressions/compound-assignment/S11.13.2_A5.4_T3.js
10884
/home/rubbernecker/jsengines/v8/test/test262-es6/data/test/language/expressions/compound-assignment/S11.13.2_A5.11_T1.js
10890
/home/rubbernecker/jsengines/v8/test/test262-es6/data/test/language/expressions/compound-assignment/S11.13.2_A5.8_T2.js
10906
/home/rubbernecker/jsengines/v8/test/test262-es6/data/test/language/expressions/compound-assignment/S11.13.2_A5.1_T1.js
10914
/home/rubbernecker/jsengines/v8/test/test262-es6/data/test/language/expressions/compound-assignment/S11.13.2_A5.9_T4.js
10916
/home/rubbernecker/jsengines/v8/test/test262-es6/data/test/language/expressions/compound-assignment/S11.13.2_A5.1_T4.js
10926
/home/rubbernecker/jsengines/v8/test/test262-es6/data/test/language/expressions/compound-assignment/S11.13.2_A5.6_T2.js
10931
/home/rubbernecker/jsengines/v8/test/test262-es6/data/test/language/expressions/compound-assignment/S11.13.2_A5.11_T2.js
10934
/home/rubbernecker/jsengines/v8/test/test262-es6/data/test/language/expressions/compound-assignment/S11.13.2_A5.11_T3.js
10938
/home/rubbernecker/jsengines/v8/test/test262-es6/data/test/language/expressions/compound-assignment/S11.13.2_A5.6_T4.js
10942
/home/rubbernecker/jsengines/v8/test/test262-es6/data/test/language/expressions/compound-assignment/S11.13.2_A5.4_T1.js
10948
/home/rubbernecker/jsengines/v8/test/test262-es6/data/test/language/expressions/compound-assignment/S11.13.2_A5.10_T1.js
10963
/home/rubbernecker/jsengines/v8/test/test262-es6/data/test/language/expressions/compound-assignment/S11.13.2_A5.6_T1.js
10971
/home/rubbernecker/jsengines/v8/test/test262-es6/data/test/language/expressions/compound-assignment/S11.13.2_A5.2_T3.js
10981
/home/rubbernecker/jsengines/v8/test/test262-es6/data/test/language/expressions/compound-assignment/S11.13.2_A5.9_T1.js
11000
/home/rubbernecker/jsengines/v8/test/test262-es6/data/test/language/expressions/compound-assignment/S11.13.2_A5.10_T2.js
11005
/home/rubbernecker/jsengines/v8/test/test262-es6/data/test/language/expressions/compound-assignment/S11.13.2_A5.2_T1.js
11013
/home/rubbernecker/jsengines/v8/test/test262-es6/data/test/language/expressions/compound-assignment/S11.13.2_A5.5_T4.js
11015
/home/rubbernecker/jsengines/v8/test/test262-es6/data/test/language/expressions/compound-assignment/S11.13.2_A5.2_T2.js
11020
/home/rubbernecker/jsengines/v8/test/test262-es6/data/test/language/expressions/compound-assignment/S11.13.2_A5.7_T3.js
11038
/home/rubbernecker/jsengines/v8/test/test262-es6/data/test/language/expressions/arrow-function/non-strict.js
11039
/home/rubbernecker/jsengines/v8/test/test262-es6/data/test/language/expressions/arrow-function/strict.js
11045
/home/rubbernecker/jsengines/v8/test/test262-es6/data/test/language/expressions/arrow-function/syntax/variations.js
11049
/home/rubbernecker/jsengines/v8/test/test262-es6/data/test/language/expressions/arrow-function/syntax/early-errors/arrowparameters-bindingidentifier-rest.js
11051
/home/rubbernecker/jsengines/v8/test/test262-es6/data/test/language/expressions/arrow-function/syntax/early-errors/arrowparameters-cover-no-duplicates-binding-array-3.js
11056
/home/rubbernecker/jsengines/v8/test/test262-es6/data/test/language/expressions/arrow-function/syntax/early-errors/asi-restriction-invalid.js
11058
/home/rubbernecker/jsengines/v8/test/test262-es6/data/test/language/expressions/arrow-function/syntax/early-errors/arrowparameters-cover-no-duplicates-binding-object-4.js
11059
/home/rubbernecker/jsengines/v8/test/test262-es6/data/test/language/expressions/arrow-function/syntax/early-errors/asi-restriction-invalid-parenless-parameters-expression-body.js
11067
/home/rubbernecker/jsengines/v8/test/test262-es6/data/test/language/expressions/arrow-function/syntax/early-errors/arrowparameters-cover-no-duplicates-rest.js
11069
/home/rubbernecker/jsengines/v8/test/test262-es6/data/test/language/expressions/arrow-function/syntax/early-errors/arrowparameters-cover-no-duplicates-binding-object-5.js
11074
/home/rubbernecker/jsengines/v8/test/test262-es6/data/test/language/expressions/arrow-function/syntax/arrowparameters-cover-includes-rest-concisebody-functionbody.js
11075
/home/rubbernecker/jsengines/v8/test/test262-es6/data/test/language/expressions/arrow-function/syntax/arrowparameters-cover-rest-11078
/home/rubbernecker/jsengines/v8/test/test262-es6/data/test/language/expressions/arrow-function/syntax/arrowparameters-bindingidentifier-concisebody-functionbody.js
11081
/home/rubbernecker/jsengines/v8/test/test262-es6/data/test/language/expressions/arrow-function/syntax/arrowparameters-cover-rest-concisebody-functionbody.js
11086
/home/rubbernecker/jsengines/v8/test/test262-es6/data/test/language/expressions/arrow-function/lexical-new.target-closure-returned.js
11087
/home/rubbernecker/jsengines/v8/test/test262-es6/data/test/language/expressions/arrow-function/lexical-super-call-from-within-constructor.js
11091
/home/rubbernecker/jsengines/v8/test/test262-es6/data/test/language/expressions/arrow-function/statement-body-requires-braces-must-return-explicitly.js
11092
/home/rubbernecker/jsengines/v8/test/test262-es6/data/test/language/expressions/arrow-function/lexical-this.js
11093
/home/rubbernecker/jsengines/v8/test/test262-es6/data/test/language/expressions/arrow-function/cannot-override-this-with-thisArg.js
11099
/home/rubbernecker/jsengines/v8/test/test262-es6/data/test/language/expressions/arrow-function/lexical-arguments.js
11100
/home/rubbernecker/jsengines/v8/test/test262-es6/data/test/language/expressions/arrow-function/statement-body-requires-braces-must-return-explicitly-missing.js
11145
/home/rubbernecker/jsengines/v8/test/test262-es6/data/test/language/expressions/postfix-increment/S11.3.1_A5_T1.js
11160
/home/rubbernecker/jsengines/v8/test/test262-es6/data/test/language/expressions/postfix-increment/S11.3.1_A5_T2.js
11164
/home/rubbernecker/jsengines/v8/test/test262-es6/data/test/language/expressions/postfix-increment/S11.3.1_A5_T3.js
11169
/home/rubbernecker/jsengines/v8/test/test262-es6/data/test/language/expressions/postfix-increment/S11.3.1_A5_T4.js
11335
/home/rubbernecker/jsengines/v8/test/test262-es6/data/test/language/expressions/delete/11.4.1-5-a-27-s.js
11580
/home/rubbernecker/jsengines/v8/test/test262-es6/data/test/language/expressions/call/S11.2.4_A1.3_T1.js
11656
/home/rubbernecker/jsengines/v8/test/test262-es6/data/test/language/expressions/logical-not/symbol-logical-not-evaluation.js
11699
/home/rubbernecker/jsengines/v8/test/test262-es6/data/test/language/expressions/prefix-increment/S11.4.4_A5_T1.js
11701
/home/rubbernecker/jsengines/v8/test/test262-es6/data/test/language/expressions/prefix-increment/S11.4.4_A5_T4.js
11711
/home/rubbernecker/jsengines/v8/test/test262-es6/data/test/language/expressions/prefix-increment/S11.4.4_A5_T3.js
11712
/home/rubbernecker/jsengines/v8/test/test262-es6/data/test/language/expressions/yield/from-try.js
11713
/home/rubbernecker/jsengines/v8/test/test262-es6/data/test/language/expressions/yield/from-with.js
11714
/home/rubbernecker/jsengines/v8/test/test262-es6/data/test/language/expressions/yield/expr-value-specified.js
11715
/home/rubbernecker/jsengines/v8/test/test262-es6/data/test/language/expressions/yield/formal-parameters-after-reassignment-strict.js
11716
/home/rubbernecker/jsengines/v8/test/test262-es6/data/test/language/expressions/yield/star-array.js
11717
/home/rubbernecker/jsengines/v8/test/test262-es6/data/test/language/expressions/yield/formal-parameters-after-reassignment-non-strict.js
11718
/home/rubbernecker/jsengines/v8/test/test262-es6/data/test/language/expressions/yield/arguments-object-attributes.js
11719
/home/rubbernecker/jsengines/v8/test/test262-es6/data/test/language/expressions/yield/within-for.js
11720
/home/rubbernecker/jsengines/v8/test/test262-es6/data/test/language/expressions/yield/formal-parameters.js
11721
/home/rubbernecker/jsengines/v8/test/test262-es6/data/test/language/expressions/yield/star-string.js
11722
/home/rubbernecker/jsengines/v8/test/test262-es6/data/test/language/expressions/yield/captured-free-vars.js
11723
/home/rubbernecker/jsengines/v8/test/test262-es6/data/test/language/expressions/yield/then-return.js
11725
/home/rubbernecker/jsengines/v8/test/test262-es6/data/test/language/expressions/yield/yield-expr.js
11726
/home/rubbernecker/jsengines/v8/test/test262-es6/data/test/language/expressions/yield/from-catch.js
11727
/home/rubbernecker/jsengines/v8/test/test262-es6/data/test/language/expressions/yield/star-iterable.js
11729
/home/rubbernecker/jsengines/v8/test/test262-es6/data/test/language/expressions/object/prop-def-id-eval-error.js
11764
/home/rubbernecker/jsengines/v8/test/test262-es6/data/test/language/expressions/object/method-definition/generator-name-prop-symbol.js
11765
/home/rubbernecker/jsengines/v8/test/test262-es6/data/test/language/expressions/object/method-definition/yield-as-identifier-in-nested-function.js
11766
/home/rubbernecker/jsengines/v8/test/test262-es6/data/test/language/expressions/object/method-definition/generator-param-init-yield.js
11768
/home/rubbernecker/jsengines/v8/test/test262-es6/data/test/language/expressions/object/method-definition/generator-property-desc.js
11769
/home/rubbernecker/jsengines/v8/test/test262-es6/data/test/language/expressions/object/method-definition/yield-as-property-name.js
11771
/home/rubbernecker/jsengines/v8/test/test262-es6/data/test/language/expressions/object/method-definition/name-param-id-yield.js
11772
/home/rubbernecker/jsengines/v8/test/test262-es6/data/test/language/expressions/object/method-definition/generator-name-prop-string.js
11773
/home/rubbernecker/jsengines/v8/test/test262-es6/data/test/language/expressions/object/method-definition/yield-as-generator-method-binding-identifier.js
11776
/home/rubbernecker/jsengines/v8/test/test262-es6/data/test/language/expressions/object/method-definition/yield-star-before-newline.js
11777
/home/rubbernecker/jsengines/v8/test/test262-es6/data/test/language/expressions/object/method-definition/generator-param-redecl-let.js
11779
/home/rubbernecker/jsengines/v8/test/test262-es6/data/test/language/expressions/object/method-definition/generator-prop-name-yield-expr.js
11780
/home/rubbernecker/jsengines/v8/test/test262-es6/data/test/language/expressions/object/method-definition/name-super-call-body.js
11781
/home/rubbernecker/jsengines/v8/test/test262-es6/data/test/language/expressions/object/method-definition/yield-as-label.js
11782
/home/rubbernecker/jsengines/v8/test/test262-es6/data/test/language/expressions/object/method-definition/generator-super-call-param.js
11783
/home/rubbernecker/jsengines/v8/test/test262-es6/data/test/language/expressions/object/method-definition/generator-param-id-yield.js
11784
/home/rubbernecker/jsengines/v8/test/test262-es6/data/test/language/expressions/object/method-definition/generator-prototype.js
11785
/home/rubbernecker/jsengines/v8/test/test262-es6/data/test/language/expressions/object/method-definition/yield-as-yield-operand.js
11787
/home/rubbernecker/jsengines/v8/test/test262-es6/data/test/language/expressions/object/method-definition/name-param-init-yield.js
11789
/home/rubbernecker/jsengines/v8/test/test262-es6/data/test/language/expressions/object/method-definition/yield-as-binding-identifier.js
11790
/home/rubbernecker/jsengines/v8/test/test262-es6/data/test/language/expressions/object/method-definition/yield-return.js
11791
/home/rubbernecker/jsengines/v8/test/test262-es6/data/test/language/expressions/object/method-definition/yield-star-after-newline.js
11793
/home/rubbernecker/jsengines/v8/test/test262-es6/data/test/language/expressions/object/method-definition/yield-as-expression-without-rhs.js
11794
/home/rubbernecker/jsengines/v8/test/test262-es6/data/test/language/expressions/object/method-definition/generator-param-redecl-const.js
11796
/home/rubbernecker/jsengines/v8/test/test262-es6/data/test/language/expressions/object/method-definition/yield-weak-binding.js
11797
/home/rubbernecker/jsengines/v8/test/test262-es6/data/test/language/expressions/object/method-definition/generator-prop-name-yield-id.js
11799
/home/rubbernecker/jsengines/v8/test/test262-es6/data/test/language/expressions/object/method-definition/generator-params.js
11800
/home/rubbernecker/jsengines/v8/test/test262-es6/data/test/language/expressions/object/method-definition/generator-super-prop-body.js
11801
/home/rubbernecker/jsengines/v8/test/test262-es6/data/test/language/expressions/object/method-definition/name-super-call-param.js
11802
/home/rubbernecker/jsengines/v8/test/test262-es6/data/test/language/expressions/object/method-definition/yield-as-expression-with-rhs.js
11804
/home/rubbernecker/jsengines/v8/test/test262-es6/data/test/language/expressions/object/method-definition/generator-super-call-body.js
11805
/home/rubbernecker/jsengines/v8/test/test262-es6/data/test/language/expressions/object/method-definition/generator-super-prop-param.js
11807
/home/rubbernecker/jsengines/v8/test/test262-es6/data/test/language/expressions/object/method-definition/name-params.js
11809
/home/rubbernecker/jsengines/v8/test/test262-es6/data/test/language/expressions/object/method-definition/generator-prop-name-eval-error.js
11810
/home/rubbernecker/jsengines/v8/test/test262-es6/data/test/language/expressions/object/method-definition/yield-as-logical-or-expression.js
11811
/home/rubbernecker/jsengines/v8/test/test262-es6/data/test/language/expressions/object/method-definition/yield-as-parameter.js
11812
/home/rubbernecker/jsengines/v8/test/test262-es6/data/test/language/expressions/object/method-definition/name-param-redecl.js
11813
/home/rubbernecker/jsengines/v8/test/test262-es6/data/test/language/expressions/object/method-definition/generator-return.js
11814
/home/rubbernecker/jsengines/v8/test/test262-es6/data/test/language/expressions/object/method-definition/generator-invoke-ctor.js
11815
/home/rubbernecker/jsengines/v8/test/test262-es6/data/test/language/expressions/object/method-definition/generator-prototype-prop.js
11817
/home/rubbernecker/jsengines/v8/test/test262-es6/data/test/language/expressions/object/method-definition/generator-invoke-fn-strict.js
11818
/home/rubbernecker/jsengines/v8/test/test262-es6/data/test/language/expressions/object/method-definition/name-invoke-fn-no-strict.js
11819
/home/rubbernecker/jsengines/v8/test/test262-es6/data/test/language/expressions/object/method-definition/name-invoke-fn-strict.js
11820
/home/rubbernecker/jsengines/v8/test/test262-es6/data/test/language/expressions/object/method-definition/yield-as-function-expression-binding-identifier.js
11821
/home/rubbernecker/jsengines/v8/test/test262-es6/data/test/language/expressions/object/method-definition/yield-as-literal-property-name.js
11822
/home/rubbernecker/jsengines/v8/test/test262-es6/data/test/language/expressions/object/method-definition/yield-newline.js
11930
/home/rubbernecker/jsengines/v8/test/test262-es6/data/test/language/statements/generators/yield-as-generator-declaration-binding-identifier.js
11933
/home/rubbernecker/jsengines/v8/test/test262-es6/data/test/language/statements/generators/yield-as-statement.js
11939
/home/rubbernecker/jsengines/v8/test/test262-es6/data/test/language/statements/generators/yield-as-yield-operand.js
11942
/home/rubbernecker/jsengines/v8/test/test262-es6/data/test/language/statements/generators/yield-as-expression-without-rhs.js
11947
11957
/home/rubbernecker/jsengines/v8/test/test262-es6/data/test/language/statements/generators/yield-newline.js
11962
/home/rubbernecker/jsengines/v8/test/test262-es6/data/test/language/statements/continue/shadowing-loop-variable-in-same-scope-as-continue.js
11965
/home/rubbernecker/jsengines/v8/test/test262-es6/data/test/language/statements/continue/nested-let-bound-for-loops-inner-continue.js
11971
/home/rubbernecker/jsengines/v8/test/test262-es6/data/test/language/statements/continue/no-label-continue.js
11972
/home/rubbernecker/jsengines/v8/test/test262-es6/data/test/language/statements/continue/nested-let-bound-for-loops-labeled-continue.js
11974
/home/rubbernecker/jsengines/v8/test/test262-es6/data/test/language/statements/continue/labeled-continue.js
11975
/home/rubbernecker/jsengines/v8/test/test262-es6/data/test/language/statements/continue/simple-and-labeled.js
11978
/home/rubbernecker/jsengines/v8/test/test262-es6/data/test/language/statements/continue/nested-let-bound-for-loops-outer-continue.js
12000
/home/rubbernecker/jsengines/v8/test/test262-es6/data/test/language/statements/for/S12.6.3_A8.1_T3.js
12001
/home/rubbernecker/jsengines/v8/test/test262-es6/data/test/language/statements/for/S12.6.3_A7_T1.js
12004
/home/rubbernecker/jsengines/v8/test/test262-es6/data/test/language/statements/for/S12.6.3_A8.1_T2.js
12018
/home/rubbernecker/jsengines/v8/test/test262-es6/data/test/language/statements/for/S12.6.3_A8_T3.js
12027
/home/rubbernecker/jsengines/v8/test/test262-es6/data/test/language/statements/for/S12.6.3_A7.1_T2.js
12032
/home/rubbernecker/jsengines/v8/test/test262-es6/data/test/language/statements/for/S12.6.3_A8_T1.js
12036
/home/rubbernecker/jsengines/v8/test/test262-es6/data/test/language/statements/for/S12.6.3_A4.1.js
12037
/home/rubbernecker/jsengines/v8/test/test262-es6/data/test/language/statements/for/S12.6.3_A7.1_T1.js
12045
/home/rubbernecker/jsengines/v8/test/test262-es6/data/test/language/statements/for/S12.6.3_A8_T2.js
12046
/home/rubbernecker/jsengines/v8/test/test262-es6/data/test/language/statements/for/S12.6.3_A7_T2.js
12053
/home/rubbernecker/jsengines/v8/test/test262-es6/data/test/language/statements/for/const-fresh-binding-per-iteration-for.js
12057
/home/rubbernecker/jsengines/v8/test/test262-es6/data/test/language/statements/for/S12.6.3_A8.1_T1.js
12096
/home/rubbernecker/jsengines/v8/test/test262-es6/data/test/language/statements/function/S13_A7_T3.js
12330
/home/rubbernecker/jsengines/v8/test/test262-es6/data/test/language/statements/try/S12.14_A17.js
12345
/home/rubbernecker/jsengines/v8/test/test262-es6/data/test/language/statements/try/S12.14_A16_T6.js
12361
/home/rubbernecker/jsengines/v8/test/test262-es6/data/test/language/statements/try/S12.14_A16_T8.js
12408
/home/rubbernecker/jsengines/v8/test/test262-es6/data/test/language/statements/while/S12.6.2_A15.js
12481
/home/rubbernecker/jsengines/v8/test/test262-es6/data/test/language/statements/do-while/S12.6.1_A15.js
12522
/home/rubbernecker/jsengines/v8/test/test262-es6/data/test/language/statements/if/S12.5_A11.js
12597
/home/rubbernecker/jsengines/v8/test/test262-es6/data/test/language/statements/for-in/let-fresh-binding-per-iteration-for-in.js
12599
/home/rubbernecker/jsengines/v8/test/test262-es6/data/test/language/statements/for-in/S12.6.4_A15.js
12609
/home/rubbernecker/jsengines/v8/test/test262-es6/data/test/language/statements/for-in/const-fresh-binding-per-iteration-for-in.js
12618
/home/rubbernecker/jsengines/v8/test/test262-es6/data/test/language/statements/block/S12.1_A4_T1.js
12625
/home/rubbernecker/jsengines/v8/test/test262-es6/data/test/language/statements/class/definition/getters.js
12627
/home/rubbernecker/jsengines/v8/test/test262-es6/data/test/language/statements/class/definition/this-check-ordering.js
12628
/home/rubbernecker/jsengines/v8/test/test262-es6/data/test/language/statements/class/definition/basics.js
12631
/home/rubbernecker/jsengines/v8/test/test262-es6/data/test/language/statements/class/definition/prototype-property.js
12633
/home/rubbernecker/jsengines/v8/test/test262-es6/data/test/language/statements/class/definition/prototype-getter.js
12634
/home/rubbernecker/jsengines/v8/test/test262-es6/data/test/language/statements/class/definition/implicit-constructor.js
12635
/home/rubbernecker/jsengines/v8/test/test262-es6/data/test/language/statements/class/definition/side-effects-in-extends.js
12636
/home/rubbernecker/jsengines/v8/test/test262-es6/data/test/language/statements/class/definition/side-effects-in-property-define.js
12637
/home/rubbernecker/jsengines/v8/test/test262-es6/data/test/language/statements/class/definition/setters.js
12639
/home/rubbernecker/jsengines/v8/test/test262-es6/data/test/language/statements/class/definition/getters-2.js
12640
/home/rubbernecker/jsengines/v8/test/test262-es6/data/test/language/statements/class/definition/methods-named-eval-arguments.js
12641
/home/rubbernecker/jsengines/v8/test/test262-es6/data/test/language/statements/class/definition/setters-2.js
12644
/home/rubbernecker/jsengines/v8/test/test262-es6/data/test/language/statements/class/definition/prototype-setter.js
12645
/home/rubbernecker/jsengines/v8/test/test262-es6/data/test/language/statements/class/definition/constructor-property.js
12646
/home/rubbernecker/jsengines/v8/test/test262-es6/data/test/language/statements/class/definition/accessors.js
12647
/home/rubbernecker/jsengines/v8/test/test262-es6/data/test/language/statements/class/definition/constructor.js
12648
/home/rubbernecker/jsengines/v8/test/test262-es6/data/test/language/statements/class/definition/methods.js
12661
/home/rubbernecker/jsengines/v8/test/test262-es6/data/test/language/statements/class/syntax/early-errors/class-body-special-method-generator-contains-direct-super.js
12663
/home/rubbernecker/jsengines/v8/test/test262-es6/data/test/language/statements/class/syntax/early-errors/class-body-special-method-generator-propname-constructor.js
12675
/home/rubbernecker/jsengines/v8/test/test262-es6/data/test/language/statements/class/syntax/class-declaration-computed-method-generator-definition.js
12682
/home/rubbernecker/jsengines/v8/test/test262-es6/data/test/language/statements/class/subclass/default-constructor.js
12683
/home/rubbernecker/jsengines/v8/test/test262-es6/data/test/language/statements/class/subclass/default-constructor-2.js
12684
/home/rubbernecker/jsengines/v8/test/test262-es6/data/test/language/statements/class/subclass/superclass-static-method-override.js
12689
/home/rubbernecker/jsengines/v8/test/test262-es6/data/test/language/statements/class/subclass/binding.js
12691
/home/rubbernecker/jsengines/v8/test/test262-es6/data/test/language/statements/class/subclass/derived-class-return-override-with-undefined.js
12692
/home/rubbernecker/jsengines/v8/test/test262-es6/data/test/language/statements/class/subclass/superclass-prototype-setter-method-override.js
12693
/home/rubbernecker/jsengines/v8/test/test262-es6/data/test/language/statements/class/subclass/superclass-prototype-setter-constructor.js
12694
/home/rubbernecker/jsengines/v8/test/test262-es6/data/test/language/statements/class/subclass/builtins.js
12697
/home/rubbernecker/jsengines/v8/test/test262-es6/data/test/language/statements/class/subclass/derived-class-return-override-with-empty.js
12700
/home/rubbernecker/jsengines/v8/test/test262-es6/data/test/language/statements/class/name-binding/in-extends-expression-grouped.js
12701
/home/rubbernecker/jsengines/v8/test/test262-es6/data/test/language/statements/class/name-binding/const.js
12702
/home/rubbernecker/jsengines/v8/test/test262-es6/data/test/language/statements/class/name-binding/basic.js
12703
/home/rubbernecker/jsengines/v8/test/test262-es6/data/test/language/statements/class/name-binding/in-extends-expression-assigned.js
12704
/home/rubbernecker/jsengines/v8/test/test262-es6/data/test/language/statements/class/super/in-setter.js
12705
/home/rubbernecker/jsengines/v8/test/test262-es6/data/test/language/statements/class/super/in-static-getter.js
12706
/home/rubbernecker/jsengines/v8/test/test262-es6/data/test/language/statements/class/super/in-getter.js
12707
/home/rubbernecker/jsengines/v8/test/test262-es6/data/test/language/statements/class/super/in-static-setter.js
12708
/home/rubbernecker/jsengines/v8/test/test262-es6/data/test/language/statements/class/super/in-static-methods.js
12709
/home/rubbernecker/jsengines/v8/test/test262-es6/data/test/language/statements/class/super/in-methods.js
12710
/home/rubbernecker/jsengines/v8/test/test262-es6/data/test/language/statements/class/super/in-constructor.js
12711
/home/rubbernecker/jsengines/v8/test/test262-es6/data/test/language/statements/class/arguments/default-constructor.js
12712
/home/rubbernecker/jsengines/v8/test/test262-es6/data/test/language/statements/class/arguments/access.js
12899
/home/rubbernecker/jsengines/v8/test/test262-es6/data/test/language/statements/for-of/continue-from-try.js
12909
/home/rubbernecker/jsengines/v8/test/test262-es6/data/test/language/statements/for-of/break-from-catch.js
12911
/home/rubbernecker/jsengines/v8/test/test262-es6/data/test/language/statements/for-of/return.js
12917
/home/rubbernecker/jsengines/v8/test/test262-es6/data/test/language/statements/for-of/break-label-from-finally.js
12919
/home/rubbernecker/jsengines/v8/test/test262-es6/data/test/language/statements/for-of/continue-label-from-catch.js
12926
/home/rubbernecker/jsengines/v8/test/test262-es6/data/test/language/statements/for-of/continue-label-from-try.js
12933
/home/rubbernecker/jsengines/v8/test/test262-es6/data/test/language/statements/for-of/break-label-from-try.js
12936
/home/rubbernecker/jsengines/v8/test/test262-es6/data/test/language/statements/for-of/throw.js
12938
/home/rubbernecker/jsengines/v8/test/test262-es6/data/test/language/statements/for-of/generator-close-via-break.js
12940
/home/rubbernecker/jsengines/v8/test/test262-es6/data/test/language/statements/for-of/return-from-finally.js
12942
12944
/home/rubbernecker/jsengines/v8/test/test262-es6/data/test/language/statements/for-of/iterator-close-via-return.js
12947
/home/rubbernecker/jsengines/v8/test/test262-es6/data/test/language/statements/for-of/let-fresh-binding-per-iteration-for-of.js
12956
/home/rubbernecker/jsengines/v8/test/test262-es6/data/test/language/statements/for-of/iterator-close-via-break.js
12958
/home/rubbernecker/jsengines/v8/test/test262-es6/data/test/language/statements/for-of/break-label.js
12959
/home/rubbernecker/jsengines/v8/test/test262-es6/data/test/language/statements/for-of/break-from-finally.js
12960
/home/rubbernecker/jsengines/v8/test/test262-es6/data/test/language/statements/for-of/body-put-error.js
12965
/home/rubbernecker/jsengines/v8/test/test262-es6/data/test/language/statements/for-of/generator-close-via-throw.js
12966
/home/rubbernecker/jsengines/v8/test/test262-es6/data/test/language/statements/for-of/continue-from-finally.js
12969
/home/rubbernecker/jsengines/v8/test/test262-es6/data/test/language/statements/for-of/const-fresh-binding-per-iteration-for-of.js
12975
/home/rubbernecker/jsengines/v8/test/test262-es6/data/test/language/statements/for-of/continue-label-from-finally.js
12976
/home/rubbernecker/jsengines/v8/test/test262-es6/data/test/language/statements/for-of/return-from-try.js
12979
/home/rubbernecker/jsengines/v8/test/test262-es6/data/test/language/statements/for-of/iterator-next-reference.js
12981
/home/rubbernecker/jsengines/v8/test/test262-es6/data/test/language/statements/for-of/break-label-from-catch.js
12983
/home/rubbernecker/jsengines/v8/test/test262-es6/data/test/language/statements/for-of/break-from-try.js
12990
/home/rubbernecker/jsengines/v8/test/test262-es6/data/test/language/statements/for-of/body-dstr-assign-error.js
12995
/home/rubbernecker/jsengines/v8/test/test262-es6/data/test/language/statements/for-of/return-from-catch.js
12996
/home/rubbernecker/jsengines/v8/test/test262-es6/data/test/language/statements/for-of/throw-from-catch.js
12997
/home/rubbernecker/jsengines/v8/test/test262-es6/data/test/language/statements/for-of/iterator-close-via-throw.js
12998
/home/rubbernecker/jsengines/v8/test/test262-es6/data/test/language/statements/for-of/generator-close-via-return.js
12999
/home/rubbernecker/jsengines/v8/test/test262-es6/data/test/language/statements/for-of/continue-from-catch.js
13089
/home/rubbernecker/jsengines/v8/test/test262-es6/data/test/language/function-code/10.4.3-1-54-s.js
13093
/home/rubbernecker/jsengines/v8/test/test262-es6/data/test/language/function-code/10.4.3-1-56gs.js
/home/rubbernecker/jsengines/v8/test/test262-es6/data/test/language/function-code/10.4.3-1-45gs.js
13099
/home/rubbernecker/jsengines/v8/test/test262-es6/data/test/language/function-code/10.4.3-1-55gs.js
13116
/home/rubbernecker/jsengines/v8/test/test262-es6/data/test/language/function-code/10.4.3-1-57gs.js
13129
/home/rubbernecker/jsengines/v8/test/test262-es6/data/test/language/function-code/10.4.3-1-56-s.js
13176
/home/rubbernecker/jsengines/v8/test/test262-es6/data/test/language/function-code/10.4.3-1-54gs.js
13199
/home/rubbernecker/jsengines/v8/test/test262-es6/data/test/language/function-code/10.4.3-1-57-s.js
13201
/home/rubbernecker/jsengines/v8/test/test262-es6/data/test/language/function-code/10.4.3-1-55-s.js
13224
/home/rubbernecker/jsengines/v8/test/test262-es6/data/test/language/reserved-words/7.6.1-4-10.js
13227
/home/rubbernecker/jsengines/v8/test/test262-es6/data/test/language/reserved-words/7.6.1-4-14.js
13237
/home/rubbernecker/jsengines/v8/test/test262-es6/data/test/language/reserved-words/7.6.1-4-13.js
13239
/home/rubbernecker/jsengines/v8/test/test262-es6/data/test/language/reserved-words/7.6.1-8-11.js
13241
/home/rubbernecker/jsengines/v8/test/test262-es6/data/test/language/reserved-words/7.6.1-8-4.js
13243
/home/rubbernecker/jsengines/v8/test/test262-es6/data/test/language/reserved-words/7.6.1-4-15.js
13247
/home/rubbernecker/jsengines/v8/test/test262-es6/data/test/language/reserved-words/7.6.1-4-12.js
13249
/home/rubbernecker/jsengines/v8/test/test262-es6/data/test/language/reserved-words/7.6.1-4-8.js
13252
/home/rubbernecker/jsengines/v8/test/test262-es6/data/test/language/reserved-words/7.6.1-8-15.js
13255
/home/rubbernecker/jsengines/v8/test/test262-es6/data/test/language/reserved-words/7.6.1-4-11.js
13270
/home/rubbernecker/jsengines/v8/test/test262-es6/data/test/language/reserved-words/7.6.1-4-9.js
13273
/home/rubbernecker/jsengines/v8/test/test262-es6/data/test/language/reserved-words/7.6.1-8-7.js
13276
/home/rubbernecker/jsengines/v8/test/test262-es6/data/test/language/reserved-words/7.6.1-8-12.js
13281
/home/rubbernecker/jsengines/v8/test/test262-es6/data/test/language/reserved-words/7.6.1-8-1.js
13282
/home/rubbernecker/jsengines/v8/test/test262-es6/data/test/language/reserved-words/7.6.1-4-4.js
13284
/home/rubbernecker/jsengines/v8/test/test262-es6/data/test/language/reserved-words/7.6.1-4-2.js
13285
/home/rubbernecker/jsengines/v8/test/test262-es6/data/test/language/reserved-words/7.6.1-8-13.js
13286
/home/rubbernecker/jsengines/v8/test/test262-es6/data/test/language/reserved-words/7.6.1-4-5.js
13288
/home/rubbernecker/jsengines/v8/test/test262-es6/data/test/language/reserved-words/7.6.1-8-3.js
13293
/home/rubbernecker/jsengines/v8/test/test262-es6/data/test/language/reserved-words/7.6.1-8-16.js
13299
/home/rubbernecker/jsengines/v8/test/test262-es6/data/test/language/reserved-words/7.6.1-8-2.js
13305
/home/rubbernecker/jsengines/v8/test/test262-es6/data/test/language/reserved-words/7.6.1-8-14.js
13307
/home/rubbernecker/jsengines/v8/test/test262-es6/data/test/language/reserved-words/7.6.1-8-9.js
13311
/home/rubbernecker/jsengines/v8/test/test262-es6/data/test/language/reserved-words/7.6.1-4-16.js
13314
/home/rubbernecker/jsengines/v8/test/test262-es6/data/test/language/reserved-words/7.6.1-8-8.js
13315
/home/rubbernecker/jsengines/v8/test/test262-es6/data/test/language/reserved-words/7.6.1-4-6.js
13318
/home/rubbernecker/jsengines/v8/test/test262-es6/data/test/language/reserved-words/7.6.1-8-6.js
13321
/home/rubbernecker/jsengines/v8/test/test262-es6/data/test/language/reserved-words/7.6.1-4-1.js
13327
/home/rubbernecker/jsengines/v8/test/test262-es6/data/test/language/reserved-words/7.6.1-8-10.js
13334
/home/rubbernecker/jsengines/v8/test/test262-es6/data/test/language/reserved-words/7.6.1-4-3.js
13338
/home/rubbernecker/jsengines/v8/test/test262-es6/data/test/language/reserved-words/7.6.1-4-7.js
13341
/home/rubbernecker/jsengines/v8/test/test262-es6/data/test/language/reserved-words/7.6.1-8-5.js
13381
/home/rubbernecker/jsengines/v8/test/test262-es6/data/test/language/line-terminators/S7.3_A2.2_T2.js
13385
/home/rubbernecker/jsengines/v8/test/test262-es6/data/test/language/line-terminators/S7.3_A2.1_T2.js
13408
/home/rubbernecker/jsengines/v8/test/test262-es6/data/test/language/block-scope/syntax/for-in/disallow-multiple-lexical-bindings-without-and-with-initializer.js
13409
/home/rubbernecker/jsengines/v8/test/test262-es6/data/test/language/block-scope/syntax/for-in/disallow-multiple-lexical-bindings-with-and-without-initializer.js
13410
/home/rubbernecker/jsengines/v8/test/test262-es6/data/test/language/block-scope/syntax/for-in/disallow-multiple-lexical-bindings-with-initializer.js
13411
/home/rubbernecker/jsengines/v8/test/test262-es6/data/test/language/block-scope/syntax/for-in/disallow-multiple-lexical-bindings.js
13415
/home/rubbernecker/jsengines/v8/test/test262-es6/data/test/language/block-scope/syntax/for-in/disallow-initialization-assignment.js
13463
/home/rubbernecker/jsengines/v8/test/test262-es6/data/test/language/class/method-definition/yield-as-identifier-in-nested-function.js
13464
/home/rubbernecker/jsengines/v8/test/test262-es6/data/test/language/class/method-definition/yield-as-property-name.js
13465
/home/rubbernecker/jsengines/v8/test/test262-es6/data/test/language/class/method-definition/yield-as-generator-method-binding-identifier.js
13466
/home/rubbernecker/jsengines/v8/test/test262-es6/data/test/language/class/method-definition/yield-as-statement.js
13467
/home/rubbernecker/jsengines/v8/test/test262-es6/data/test/language/class/method-definition/yield-star-before-newline.js
13469
/home/rubbernecker/jsengines/v8/test/test262-es6/data/test/language/class/method-definition/yield-as-yield-operand.js
13470
/home/rubbernecker/jsengines/v8/test/test262-es6/data/test/language/class/method-definition/yield-as-binding-identifier.js
13472
/home/rubbernecker/jsengines/v8/test/test262-es6/data/test/language/class/method-definition/yield-as-expression-without-rhs.js
13473
/home/rubbernecker/jsengines/v8/test/test262-es6/data/test/language/class/method-definition/yield-weak-binding.js
13474
/home/rubbernecker/jsengines/v8/test/test262-es6/data/test/language/class/method-definition/generator-no-yield.js
13475
/home/rubbernecker/jsengines/v8/test/test262-es6/data/test/language/class/method-definition/yield-as-expression-with-rhs.js
13476
/home/rubbernecker/jsengines/v8/test/test262-es6/data/test/language/class/method-definition/yield-as-logical-or-expression.js
13477
/home/rubbernecker/jsengines/v8/test/test262-es6/data/test/language/class/method-definition/yield-as-parameter.js
13478
/home/rubbernecker/jsengines/v8/test/test262-es6/data/test/language/class/method-definition/generator-return.js
13479
/home/rubbernecker/jsengines/v8/test/test262-es6/data/test/language/class/method-definition/yield-as-function-expression-binding-identifier.js
13480
/home/rubbernecker/jsengines/v8/test/test262-es6/data/test/language/class/method-definition/yield-as-literal-property-name.js
13481
/home/rubbernecker/jsengines/v8/test/test262-es6/data/test/language/class/method-definition/yield-newline.js
13567
/home/rubbernecker/jsengines/v8/test/test262-es6/data/test/language/object-literal/concise-generator.js
13569
/home/rubbernecker/jsengines/v8/test/test262-es6/data/test/language/object-literal/descriptor.js
13570
/home/rubbernecker/jsengines/v8/test/test262-es6/data/test/language/object-literal/yield-non-strict-access.js
13572
/home/rubbernecker/jsengines/v8/test/test262-es6/data/test/language/object-literal/setter.js
13574
/home/rubbernecker/jsengines/v8/test/test262-es6/data/test/language/object-literal/properties-names-eval-arguments.js
13576
/home/rubbernecker/jsengines/v8/test/test262-es6/data/test/language/object-literal/method.js
13577
/home/rubbernecker/jsengines/v8/test/test262-es6/data/test/language/object-literal/let-non-strict-access.js
13578
/home/rubbernecker/jsengines/v8/test/test262-es6/data/test/language/object-literal/getter.js
13737
/home/rubbernecker/jsengines/v8/test/test262-es6/data/test/harness/propertyhelper-verifynotwritable-not-writable-not-strict.js
13777
/home/rubbernecker/jsengines/v8/test/test262-es6/data/test/harness/propertyhelper-verifynotwritable-not-writable-strict.js
13780
/home/rubbernecker/jsengines/v8/test/test262-es6/data/test/harness/propertyhelper-verifywritable-writable.js