/home/rubbernecker/coderepo/ifuzzer_s/tests/tests/structured-clone/Set.js
/home/rubbernecker/coderepo/ifuzzer_s/tests/tests/structured-clone/Map.js
/home/rubbernecker/coderepo/ifuzzer_s/tests/tests/SIMD/convert.js
/home/rubbernecker/coderepo/ifuzzer_s/tests/tests/arrow-functions/strict-3.js
/home/rubbernecker/coderepo/ifuzzer_s/tests/tests/arrow-functions/typeof.js
/home/rubbernecker/coderepo/ifuzzer_s/tests/tests/arrow-functions/params-rest-2.js
/home/rubbernecker/coderepo/ifuzzer_s/tests/tests/arrow-functions/return-2.js
/home/rubbernecker/coderepo/ifuzzer_s/tests/tests/arrow-functions/block-2.js
/home/rubbernecker/coderepo/ifuzzer_s/tests/tests/arrow-functions/return-3.js
/home/rubbernecker/coderepo/ifuzzer_s/tests/tests/arrow-functions/construct-1.js
/home/rubbernecker/coderepo/ifuzzer_s/tests/tests/arrow-functions/params-default-2.js
/home/rubbernecker/coderepo/ifuzzer_s/tests/tests/arrow-functions/strict-1.js
/home/rubbernecker/coderepo/ifuzzer_s/tests/tests/arrow-functions/return-1.js
/home/rubbernecker/coderepo/ifuzzer_s/tests/tests/generators/yield-in-finally.js
/home/rubbernecker/coderepo/ifuzzer_s/tests/tests/proxy/testDirectProxySetArray1.js
/home/rubbernecker/coderepo/ifuzzer_s/tests/tests/proxy/testDirectProxySetNested.js
/home/rubbernecker/coderepo/ifuzzer_s/tests/tests/proxy/testDirectProxySetNested2.js
/home/rubbernecker/coderepo/ifuzzer_s/tests/tests/proxy/testDirectProxySet9.js
/home/rubbernecker/coderepo/ifuzzer_s/tests/tests/proxy/testDirectProxyGetInherited3.js
/home/rubbernecker/coderepo/ifuzzer_s/tests/tests/proxy/target-becomes-nonextensible-during-preventExtensions.js
/home/rubbernecker/coderepo/ifuzzer_s/tests/tests/proxy/testDirectProxyGetOwnPropertyDescriptor11.js
/home/rubbernecker/coderepo/ifuzzer_s/tests/tests/proxy/seal-proxy.js
/home/rubbernecker/coderepo/ifuzzer_s/tests/tests/proxy/testDirectProxyDefinePropertyFailure.js
/home/rubbernecker/coderepo/ifuzzer_s/tests/tests/proxy/testDirectProxySet10.js
/home/rubbernecker/coderepo/ifuzzer_s/tests/tests/proxy/testWrapperGetInherited.js
/home/rubbernecker/coderepo/ifuzzer_s/tests/tests/proxy/testDirectProxyDefineProperty7.js
/home/rubbernecker/coderepo/ifuzzer_s/tests/tests/proxy/testDirectProxyGetInherited1.js
/home/rubbernecker/coderepo/ifuzzer_s/tests/tests/proxy/bug901979-2.js
/home/rubbernecker/coderepo/ifuzzer_s/tests/tests/proxy/testTestIntegrityLevel.js
/home/rubbernecker/coderepo/ifuzzer_s/tests/tests/proxy/testDirectProxySet8.js
/home/rubbernecker/coderepo/ifuzzer_s/tests/tests/proxy/testDirectProxyDefineProperty6.js
/home/rubbernecker/coderepo/ifuzzer_s/tests/tests/proxy/testDirectProxySetFailure.js
/home/rubbernecker/coderepo/ifuzzer_s/tests/tests/proxy/testDirectProxySetArray4.js
/home/rubbernecker/coderepo/ifuzzer_s/tests/tests/proxy/testDirectProxySetArray3.js
/home/rubbernecker/coderepo/ifuzzer_s/tests/tests/proxy/testDirectProxyOnProtoWithForIn.js
/home/rubbernecker/coderepo/ifuzzer_s/tests/tests/proxy/testDirectProxySet7.js
/home/rubbernecker/coderepo/ifuzzer_s/tests/tests/proxy/freeze-proxy.js
/home/rubbernecker/coderepo/ifuzzer_s/tests/tests/proxy/testDirectProxySetReceiverLookup.js
/home/rubbernecker/coderepo/ifuzzer_s/tests/tests/proxy/testDirectProxyOwnKeysSymbol.js
/home/rubbernecker/coderepo/ifuzzer_s/tests/tests/proxy/testDirectProxySetInherited.js
/home/rubbernecker/coderepo/ifuzzer_s/tests/tests/proxy/testIndirectProxyGetOwnPropertyDescriptor.js
/home/rubbernecker/coderepo/ifuzzer_s/tests/tests/proxy/testIndirectProxySet.js
/home/rubbernecker/coderepo/ifuzzer_s/tests/tests/proxy/bug-862848-1.js
/home/rubbernecker/coderepo/ifuzzer_s/tests/tests/ion/object-create-with-primitive-second-arg-in-ion.js
/home/rubbernecker/coderepo/ifuzzer_s/tests/tests/ion/bug977966.js
/home/rubbernecker/coderepo/ifuzzer_s/tests/tests/ion/scripted-getter-setter.js
/home/rubbernecker/coderepo/ifuzzer_s/tests/tests/ion/nursery-getter-setter2.js
/home/rubbernecker/coderepo/ifuzzer_s/tests/tests/arrays/pop-nonarray-nonwritable-length.js
/home/rubbernecker/coderepo/ifuzzer_s/tests/tests/parser/home-object-getter.js
/home/rubbernecker/coderepo/ifuzzer_s/tests/tests/parser/bug-896126.js
/home/rubbernecker/coderepo/ifuzzer_s/tests/tests/latin1/replace.js
/home/rubbernecker/coderepo/ifuzzer_s/tests/tests/basic/testInterpreterReentry4.js
/home/rubbernecker/coderepo/ifuzzer_s/tests/tests/basic/testScriptGetter_JSOP_GETTHISPROP.js
/home/rubbernecker/coderepo/ifuzzer_s/tests/tests/basic/destructuring-iterator.js
/home/rubbernecker/coderepo/ifuzzer_s/tests/tests/basic/bug883523.js
/home/rubbernecker/coderepo/ifuzzer_s/tests/tests/basic/spread-call-this-strict.js
/home/rubbernecker/coderepo/ifuzzer_s/tests/tests/basic/testBug607659.js
/home/rubbernecker/coderepo/ifuzzer_s/tests/tests/basic/destructuring-default.js
/home/rubbernecker/coderepo/ifuzzer_s/tests/tests/basic/html-extensions.js
/home/rubbernecker/coderepo/ifuzzer_s/tests/tests/basic/testInterpreterReentry6.js
/home/rubbernecker/coderepo/ifuzzer_s/tests/tests/basic/testSetGetterOnlyProperty.js
/home/rubbernecker/coderepo/ifuzzer_s/tests/tests/basic/function-tosource-getset.js
/home/rubbernecker/coderepo/ifuzzer_s/tests/tests/basic/bug1106982.js
/home/rubbernecker/coderepo/ifuzzer_s/tests/tests/basic/spread-call-this.js
/home/rubbernecker/coderepo/ifuzzer_s/tests/tests/basic/testScriptGetter_JSOP_GETARGPROP.js
/home/rubbernecker/coderepo/ifuzzer_s/tests/tests/basic/testScriptGetter_JSOP_GETLOCALPROP.js
/home/rubbernecker/coderepo/ifuzzer_s/tests/tests/basic/error-stack-accessors.js
/home/rubbernecker/coderepo/ifuzzer_s/tests/tests/basic/destructuring-rest.js
/home/rubbernecker/coderepo/ifuzzer_s/tests/tests/basic/tagTempl.js
/home/rubbernecker/coderepo/ifuzzer_s/tests/tests/basic/destructuring-rest-identifiers.js
/home/rubbernecker/coderepo/ifuzzer_s/tests/tests/basic/function-gname.js
/home/rubbernecker/coderepo/ifuzzer_s/tests/tests/basic/bug547911-2.js
/home/rubbernecker/coderepo/ifuzzer_s/tests/tests/basic/testScriptGetter_JSOP_CALLPROP-2.js
/home/rubbernecker/coderepo/ifuzzer_s/tests/tests/basic/bug1106982-2.js
/home/rubbernecker/coderepo/ifuzzer_s/tests/tests/basic/object-lookup-shadowing.js
/home/rubbernecker/coderepo/ifuzzer_s/tests/tests/basic/testAssignmentThatIgnoresSetterRetval.js
/home/rubbernecker/coderepo/ifuzzer_s/tests/tests/basic/statement-after-return.js
/home/rubbernecker/coderepo/ifuzzer_s/tests/tests/basic/testBug961969.js
/home/rubbernecker/coderepo/ifuzzer_s/tests/tests/basic/eval-scopes.js
/home/rubbernecker/coderepo/ifuzzer_s/tests/tests/basic/testScriptGetter_JSOP_CALLPROP.js
/home/rubbernecker/coderepo/ifuzzer_s/tests/tests/basic/testScriptGetter_JSOP_GETPROP.js
/home/rubbernecker/coderepo/ifuzzer_s/tests/tests/basic/splice-throwing-length-getter-668024.js
/home/rubbernecker/coderepo/ifuzzer_s/tests/tests/basic/bug1001090-1.js
/home/rubbernecker/coderepo/ifuzzer_s/tests/tests/basic/__proto__-not-prototype-mutation-ion.js
/home/rubbernecker/coderepo/ifuzzer_s/tests/tests/basic/destructuring-requireobjectcoercible.js
/home/rubbernecker/coderepo/ifuzzer_s/tests/tests/collections/WeakMap-constructor-arraylike-exception.js
/home/rubbernecker/coderepo/ifuzzer_s/tests/tests/saved-stacks/async-max-frame-count.js
/home/rubbernecker/coderepo/ifuzzer_s/tests/tests/saved-stacks/get-set.js
/home/rubbernecker/coderepo/ifuzzer_s/tests/tests/saved-stacks/async-principals.js
/home/rubbernecker/coderepo/ifuzzer_s/tests/tests/saved-stacks/getters-on-invalid-objects.js
/home/rubbernecker/coderepo/ifuzzer_s/tests/tests/asm.js/testNeuter.js
/home/rubbernecker/coderepo/ifuzzer_s/tests/tests/asm.js/testBug1125561.js
/home/rubbernecker/coderepo/ifuzzer_s/tests/tests/asm.js/bug1126251.js
/home/rubbernecker/coderepo/ifuzzer_s/tests/tests/profiler/getter-setter-ic.js
/home/rubbernecker/coderepo/ifuzzer_s/tests/tests/profiler/AutoEntryMonitor-01.js
/home/rubbernecker/coderepo/ifuzzer_s/tests/tests/TypedObject/aggregate-set-neutered.js
/home/rubbernecker/coderepo/ifuzzer_s/tests/tests/baseline/getter_setter.js
/home/rubbernecker/coderepo/ifuzzer_s/tests/tests/auto-regress/bug499169.js
/home/rubbernecker/coderepo/ifuzzer_s/tests/tests/auto-regress/bug650574.js
/home/rubbernecker/coderepo/ifuzzer_s/tests/tests/auto-regress/bug785776.js
/home/rubbernecker/coderepo/ifuzzer_s/tests/tests/debug/onNewScript-ExecuteInGlobalAndReturnScope.js
/home/rubbernecker/coderepo/ifuzzer_s/tests/tests/debug/onNewScript-CloneAndExecuteScript.js
/home/rubbernecker/coderepo/ifuzzer_s/tests/tests/debug/Source-text-lazy.js
/home/rubbernecker/coderepo/ifuzzer_s/tests/tests/debug/Debugger-debuggees-29.js
/home/rubbernecker/coderepo/ifuzzer_s/tests/tests/debug/onExceptionUnwind-11.js
/home/rubbernecker/coderepo/ifuzzer_s/tests/tests/debug/Debugger-debuggees-23.js
/home/rubbernecker/coderepo/ifuzzer_s/tests/tests/debug/resumption-error-02.js
/home/rubbernecker/coderepo/ifuzzer_s/tests/tests/debug/Memory-trackingAllocationSites-03.js
/home/rubbernecker/coderepo/ifuzzer_s/tests/tests/debug/Debugger-onNewPromise-07.js
/home/rubbernecker/coderepo/ifuzzer_s/tests/tests/debug/breakpoint-12.js
/home/rubbernecker/coderepo/ifuzzer_s/tests/tests/jaeger/recompile/bug651119.js
/home/rubbernecker/coderepo/ifuzzer_s/tests/tests/ctypes/argument-length-abi.js
/home/rubbernecker/coderepo/ifuzzer_s/tests/tests/ctypes/conversion-error.js
/home/rubbernecker/coderepo/ifuzzer_s/tests/tests/ctypes/argument-length-int64.js
/home/rubbernecker/coderepo/ifuzzer_s/tests/tests/ctypes/argument-type-pointer.js
/home/rubbernecker/coderepo/ifuzzer_s/tests/tests/ctypes/conversion-int64.js
/home/rubbernecker/coderepo/ifuzzer_s/tests/tests/ctypes/argument-type-function.js
/home/rubbernecker/coderepo/ifuzzer_s/tests/tests/ctypes/AddressOfField.js
/home/rubbernecker/coderepo/ifuzzer_s/tests/tests/ctypes/argument-type-ctypes.js
/home/rubbernecker/coderepo/ifuzzer_s/tests/tests/ctypes/argument-length-ctypes.js
/home/rubbernecker/coderepo/ifuzzer_s/tests/tests/ctypes/argument-length-cdata.js
/home/rubbernecker/coderepo/ifuzzer_s/tests/tests/ctypes/argument-length-struct.js
/home/rubbernecker/coderepo/ifuzzer_s/tests/tests/ctypes/conversion-finalizer.js
/home/rubbernecker/coderepo/ifuzzer_s/tests/tests/ctypes/argument-length-array.js
/home/rubbernecker/coderepo/ifuzzer_s/tests/tests/ctypes/argument-type-array.js
/home/rubbernecker/coderepo/ifuzzer_s/tests/tests/ctypes/conversion-array.js
/home/rubbernecker/coderepo/ifuzzer_s/tests/tests/ctypes/conversion-function.js
/home/rubbernecker/coderepo/ifuzzer_s/tests/tests/ctypes/argument-length-finalizer.js
/home/rubbernecker/coderepo/ifuzzer_s/tests/tests/ctypes/argument-length-pointer.js
/home/rubbernecker/coderepo/ifuzzer_s/tests/tests/ctypes/argument-length-primitive.js
/home/rubbernecker/coderepo/ifuzzer_s/tests/tests/ctypes/argument-length-function.js
/home/rubbernecker/coderepo/ifuzzer_s/tests/tests/ctypes/conversion-primitive.js
/home/rubbernecker/coderepo/ifuzzer_s/tests/tests/ctypes/argument-type-int64.js
/home/rubbernecker/coderepo/ifuzzer_s/tests/tests/ctypes/conversion-native-function.js
/home/rubbernecker/coderepo/ifuzzer_s/tests/tests/ctypes/conversion-to-primitive.js
/home/rubbernecker/coderepo/ifuzzer_s/tests/tests/ctypes/argument-type-struct.js
/home/rubbernecker/coderepo/ifuzzer_s/tests/tests/ctypes/conversion-pointer.js
/home/rubbernecker/coderepo/ifuzzer_s/tests/tests/ctypes/conversion-struct.js
/home/rubbernecker/coderepo/ifuzzer_s/tests/tests/xdr/debug-lazy.js
/home/rubbernecker/coderepo/ifuzzer_s/tests/tests/xdr/lazy.js
/home/rubbernecker/coderepo/ifuzzer_s/tests/tests/xdr/trivial.js
/home/rubbernecker/coderepo/ifuzzer_s/tests/tests/for-of/value-done-access.js
/home/rubbernecker/coderepo/ifuzzer_s/tests/tests/for-of/next-arity.js
/home/rubbernecker/coderepo/ifuzzer_s/tests/tests/v8-v5/check-splay.js
/home/rubbernecker/coderepo/ifuzzer_s/tests/tests/v8-v5/check-raytrace.js
/home/rubbernecker/coderepo/ifuzzer_s/tests/tests/v8-v5/check-crypto.js
/home/rubbernecker/coderepo/ifuzzer_s/tests/tests/v8-v5/check-earley-boyer.js
/home/rubbernecker/coderepo/ifuzzer_s/tests/tests/v8-v5/check-deltablue.js
/home/rubbernecker/coderepo/ifuzzer_s/tests/tests/v8-v5/check-regexp.js
/home/rubbernecker/coderepo/ifuzzer_s/tests/tests/v8-v5/check-richards.js
/home/rubbernecker/coderepo/ifuzzer_s/tests/tests/ion/lookupswitch.js
/home/rubbernecker/coderepo/ifuzzer_s/tests/tests/ion/dce-with-rinstructions.js
/home/rubbernecker/coderepo/ifuzzer_s/tests/tests/ion/divmodself.js
/home/rubbernecker/coderepo/ifuzzer_s/tests/tests/sunspider/check-3d-raytrace.js
/home/rubbernecker/coderepo/ifuzzer_s/tests/tests/sunspider/check-string-tagcloud.js
/home/rubbernecker/coderepo/ifuzzer_s/tests/tests/sunspider/check-crypto-aes.js
/home/rubbernecker/coderepo/ifuzzer_s/tests/tests/sunspider/check-regexp-dna.js
/home/rubbernecker/coderepo/ifuzzer_s/tests/tests/sunspider/check-date-format-tofte.js
/home/rubbernecker/coderepo/ifuzzer_s/tests/tests/sunspider/check-string-unpack-code.js
/home/rubbernecker/coderepo/ifuzzer_s/tests/tests/sunspider/check-date-format-xparb.js
/home/rubbernecker/coderepo/ifuzzer_s/tests/tests/basic/testLet.js
/home/rubbernecker/coderepo/ifuzzer_s/tests/tests/basic/syntax-error-illegal-character.js
/home/rubbernecker/coderepo/ifuzzer_s/tests/tests/basic/string-endswith.js
/home/rubbernecker/coderepo/ifuzzer_s/tests/tests/basic/testComparisons.js
/home/rubbernecker/coderepo/ifuzzer_s/tests/tests/basic/testBitopWithConstan.js
/home/rubbernecker/coderepo/ifuzzer_s/tests/tests/basic/bug586917.js
/home/rubbernecker/coderepo/ifuzzer_s/tests/tests/basic/string-startswith.js
/home/rubbernecker/coderepo/ifuzzer_s/tests/tests/basic/math-jit-tests.js
/home/rubbernecker/coderepo/ifuzzer_s/tests/tests/asm.js/testMathLib.js
/home/rubbernecker/coderepo/ifuzzer_s/tests/tests/asm.js/testSIMD.js
/home/rubbernecker/coderepo/ifuzzer_s/tests/tests/asm.js/testResize.js
/home/rubbernecker/coderepo/ifuzzer_s/tests/tests/asm.js/simd-mandelbrot.js
/home/rubbernecker/coderepo/ifuzzer_s/tests/tests/asm.js/testHeapAccess.js
/home/rubbernecker/coderepo/ifuzzer_s/tests/tests/asm.js/testBug965767.js
/home/rubbernecker/coderepo/ifuzzer_s/tests/tests/asm.js/testExpressions.js
/home/rubbernecker/coderepo/ifuzzer_s/tests/tests/asm.js/testBasic.js
/home/rubbernecker/coderepo/ifuzzer_s/tests/tests/asm.js/testGlobals.js
/home/rubbernecker/coderepo/ifuzzer_s/tests/tests/asm.js/testAtomics.js
/home/rubbernecker/coderepo/ifuzzer_s/tests/tests/asm.js/testControlFlow.js
/home/rubbernecker/coderepo/ifuzzer_s/tests/tests/asm.js/testFloat32.js
/home/rubbernecker/coderepo/ifuzzer_s/tests/tests/asm.js/testSIMD-load-store.js
/home/rubbernecker/coderepo/ifuzzer_s/tests/tests/baseline/no-such-property-getprop.js
/home/rubbernecker/coderepo/ifuzzer_s/tests/tests/arguments/argsx-3a.js
/home/rubbernecker/coderepo/ifuzzer_s/tests/tests/arguments/argsx-3.js
/home/rubbernecker/coderepo/ifuzzer_s/tests/tests/bug830943.js
/home/rubbernecker/coderepo/ifuzzer_s/tests/tests/gc/bug-820186.js
/home/rubbernecker/coderepo/ifuzzer_s/tests/tests/atomics/basic-tests.js
/home/rubbernecker/coderepo/ifuzzer_s/tests/tests/ion/nursery-getter-setter.js
/home/rubbernecker/coderepo/ifuzzer_s/tests/tests/proxy/testDirectProxyGetInherited2.js
/home/rubbernecker/coderepo/ifuzzer_s/tests/tests/basic/testNegativeGETELEMIndex.js
/home/rubbernecker/coderepo/ifuzzer_s/tests/tests/basic/testBug1126754.js
/home/rubbernecker/coderepo/ifuzzer_s/tests/tests/basic/bug1153057.js
/home/rubbernecker/coderepo/ifuzzer_s/tests/tests/latin1/regexp.js
/home/rubbernecker/coderepo/ifuzzer_s/tests/tests/basic/bug601428.js
/home/rubbernecker/coderepo/ifuzzer_s/tests/tests/debug/Memory-takeCensus-04.js
/home/rubbernecker/coderepo/ifuzzer_s/tests/tests/debug/Script-displayName-01.js
/home/rubbernecker/coderepo/ifuzzer_s/tests/tests/debug/Debugger-onPromiseSettled-01.js
/home/rubbernecker/coderepo/ifuzzer_s/tests/tests/basic/testGuardCalleeSneakAttack.js
/home/rubbernecker/coderepo/ifuzzer_s/tests/tests/debug/Debugger-onNewPromise-01.js
/home/rubbernecker/coderepo/ifuzzer_s/tests/tests/asm.js/simd-fbirds.js
/home/rubbernecker/coderepo/ifuzzer_s/tests/tests/basic/object-loose-equality.js
/home/rubbernecker/coderepo/ifuzzer_s/tests/tests/basic/bug862228.js